mvn : WARNING: A terminally deprecated method in sun.misc.Unsafe has been called
En línea: 1 Carácter: 1
+ mvn test > test-results.txt 2>&1
+ ~~~~~~~~~~~~~~~~~~~~~~~~~~~~~~~~
    + CategoryInfo          : NotSpecified: (WARNING: A term...has been called:String) [], RemoteException
    + FullyQualifiedErrorId : NativeCommandError
 
WARNING: sun.misc.Unsafe::staticFieldBase has been called by com.google.inject.internal.aop.HiddenClassDefiner 
(file:/C:/Users/Driox/scoop/apps/maven/current/lib/guice-5.1.0-classes.jar)
WARNING: Please consider reporting this to the maintainers of class com.google.inject.internal.aop.HiddenClassDefiner
WARNING: sun.misc.Unsafe::staticFieldBase will be removed in a future release
[INFO] Scanning for projects...
[INFO] 
[INFO] --------------------------< com.gb02:syumsvc >--------------------------
[INFO] Building syumsvc 0.0.1-SNAPSHOT
[INFO]   from pom.xml
[INFO] --------------------------------[ jar ]---------------------------------
[INFO] 
[INFO] --- resources:3.3.1:resources (default-resources) @ syumsvc ---
[INFO] Copying 1 resource from src\main\resources to target\classes
[INFO] Copying 0 resource from src\main\resources to target\classes
[INFO] 
[INFO] --- compiler:3.14.0:compile (default-compile) @ syumsvc ---
[INFO] Nothing to compile - all classes are up to date.
[INFO] 
[INFO] --- resources:3.3.1:testResources (default-testResources) @ syumsvc ---
[INFO] skip non existing resourceDirectory C:\Users\Driox\Source\asee\proyecto-gps-25-26-gb02-SYU\src\test\resources
[INFO] 
[INFO] --- compiler:3.14.0:testCompile (default-testCompile) @ syumsvc ---
[INFO] Nothing to compile - all classes are up to date.
[INFO] 
[INFO] --- surefire:3.5.4:test (default-test) @ syumsvc ---
[INFO] Using auto detected provider org.apache.maven.surefire.junitplatform.JUnitPlatformProvider
[INFO] 
[INFO] -------------------------------------------------------
[INFO]  T E S T S
[INFO] -------------------------------------------------------
[INFO] Running com.gb02.syumsvc.controller.FavControllerTest
19:01:29.832 [main] INFO org.springframework.test.context.support.AnnotationConfigContextLoaderUtils -- Could not detect default configuration classes for test class [com.gb02.syumsvc.controller.FavControllerTest]: FavControllerTest does not declare any static, non-private, non-final, nested classes annotated with @Configuration.
19:01:29.915 [main] INFO org.springframework.boot.test.context.SpringBootTestContextBootstrapper -- Found @SpringBootConfiguration com.gb02.syumsvc.SyumsvcApplication for test class com.gb02.syumsvc.controller.FavControllerTest
19:01:29.993 [main] INFO org.springframework.boot.devtools.restart.RestartApplicationListener -- Restart disabled due to context in which it is running

  .   ____          _            __ _ _
 /\\ / ___'_ __ _ _(_)_ __  __ _ \ \ \ \
( ( )\___ | '_ | '_| | '_ \/ _` | \ \ \ \
 \\/  ___)| |_)| | | | | || (_| |  ) ) ) )
  '  |____| .__|_| |_|_| |_\__, | / / / /
 =========|_|==============|___/=/_/_/_/

 :: Spring Boot ::                (v3.5.6)

2025-11-14T19:01:30.140+01:00  INFO 40204 --- [syumsvc] [           main] c.g.s.controller.FavControllerTest       : Starting FavControllerTest using Java 25.0.1 with PID 40204 (started by Driox in C:\Users\Driox\Source\asee\proyecto-gps-25-26-gb02-SYU)
2025-11-14T19:01:30.141+01:00  INFO 40204 --- [syumsvc] [           main] c.g.s.controller.FavControllerTest       : No active profile set, falling back to 1 default profile: "default"
2025-11-14T19:01:30.719+01:00  INFO 40204 --- [syumsvc] [           main] o.s.b.t.m.w.SpringBootMockServletContext : Initializing Spring TestDispatcherServlet ''
2025-11-14T19:01:30.719+01:00  INFO 40204 --- [syumsvc] [           main] o.s.t.web.servlet.TestDispatcherServlet  : Initializing Servlet ''
2025-11-14T19:01:30.721+01:00  INFO 40204 --- [syumsvc] [           main] o.s.t.web.servlet.TestDispatcherServlet  : Completed initialization in 2 ms
2025-11-14T19:01:30.733+01:00  INFO 40204 --- [syumsvc] [           main] c.g.s.controller.FavControllerTest       : Started FavControllerTest in 0.746 seconds (process running for 1.299)
Mockito is currently self-attaching to enable the inline-mock-maker. This will no longer work in future releases of the JDK. Please add Mockito as an agent 
to your build as described in Mockito's documentation: https://javadoc.io/doc/org.mockito/mockito-core/latest/org.mockito/org/mockito/Mockito.html#0.3
Java HotSpot(TM) 64-Bit Server VM warning: Sharing is only supported for boot loader classes because bootstrap classpath has been appended
WARNING: A Java agent has been loaded dynamically (C:\Users\Driox\.m2\repository\net\bytebuddy\byte-buddy-agent\1.17.7\byte-buddy-agent-1.17.7.jar)
WARNING: If a serviceability tool is in use, please run with -XX:+EnableDynamicAgentLoading to hide this warning
WARNING: If a serviceability tool is not in use, please run with -Djdk.instrument.traceUsage for more information
WARNING: Dynamic loading of agents will be disallowed by default in a future release
Connecting to syuDB...
Connection to syuDB established.
User registered successfully.

MockHttpServletRequest:
      HTTP Method = POST
      Request URI = /register
       Parameters = {}
          Headers = [Content-Type:"application/json;charset=UTF-8", Content-Length:"154"]
             Body = {
    "nick": "tfav_43289969",
    "nombre": "Test",
    "apellido1": "Fav",
    "email": "tfav_43289971@test.com",
    "contrasena": "testpassword123"
}

    Session Attrs = {}

Handler:
             Type = com.gb02.syumsvc.controller.SessionController
           Method = com.gb02.syumsvc.controller.SessionController#registerUser(Map)

Async:
    Async started = false
     Async result = null

Resolved Exception:
             Type = null

ModelAndView:
        View name = null
             View = null
            Model = null

FlashMap:
       Attributes = null

MockHttpServletResponse:
           Status = 200
    Error message = null
          Headers = [Vary:"Origin", "Access-Control-Request-Method", "Access-Control-Request-Headers", Content-Type:"application/json"]
     Content type = application/json
             Body = {"session_token":"92e6ff5ed31c2ee7026dd33f1c135dd397aa9dbc71b88d377f440886988a0e626b37331ce48fc7c468d6a5a3e4c02373b176b7a570597d248b63a4e8c8ac02f4","registered_user":{"nick":"tfav_43289969","apellido2":null,"fechaReg":"2025-11-14","apellido1":"Fav","idUsuario":35,"idArtista":0,"contrasena":null,"nombre":"Test","email":"tfav_43289971@test.com"}}
    Forwarded URL = null
   Redirected URL = null
          Cookies = []

MockHttpServletRequest:
      HTTP Method = POST
      Request URI = /login
       Parameters = {}
          Headers = [Content-Type:"application/json;charset=UTF-8", Content-Length:"71"]
             Body = {
    "username": "tfav_43289969",
    "password": "testpassword123"
}

    Session Attrs = {}

Handler:
             Type = com.gb02.syumsvc.controller.SessionController
           Method = com.gb02.syumsvc.controller.SessionController#loginUser(Map)

Async:
    Async started = false
     Async result = null

Resolved Exception:
             Type = null

ModelAndView:
        View name = null
             View = null
            Model = null

FlashMap:
       Attributes = null

MockHttpServletResponse:
           Status = 400
    Error message = null
          Headers = [Vary:"Origin", "Access-Control-Request-Method", "Access-Control-Request-Headers", Content-Type:"application/json"]
     Content type = application/json
             Body = {"error":"Nick and password are required."}
    Forwarded URL = null
   Redirected URL = null
          Cookies = []
User registered successfully.

MockHttpServletRequest:
      HTTP Method = POST
      Request URI = /register
       Parameters = {}
          Headers = [Content-Type:"application/json;charset=UTF-8", Content-Length:"154"]
             Body = {
    "nick": "tfav_43291696",
    "nombre": "Test",
    "apellido1": "Fav",
    "email": "tfav_43291696@test.com",
    "contrasena": "testpassword123"
}

    Session Attrs = {}

Handler:
             Type = com.gb02.syumsvc.controller.SessionController
           Method = com.gb02.syumsvc.controller.SessionController#registerUser(Map)

Async:
    Async started = false
     Async result = null

Resolved Exception:
             Type = null

ModelAndView:
        View name = null
             View = null
            Model = null

FlashMap:
       Attributes = null

MockHttpServletResponse:
           Status = 200
    Error message = null
          Headers = [Vary:"Origin", "Access-Control-Request-Method", "Access-Control-Request-Headers", Content-Type:"application/json"]
     Content type = application/json
             Body = {"session_token":"15717933b9a78674f8474b7198631f80d8d11923742becf93c4375bc94be43dbcbd49bbe9e8cace8ee8a2503c2dd40946806a50e49241e3f7c71bd311e65741e","registered_user":{"nick":"tfav_43291696","apellido2":null,"fechaReg":"2025-11-14","apellido1":"Fav","idUsuario":36,"idArtista":0,"contrasena":null,"nombre":"Test","email":"tfav_43291696@test.com"}}
    Forwarded URL = null
   Redirected URL = null
          Cookies = []

MockHttpServletRequest:
      HTTP Method = POST
      Request URI = /login
       Parameters = {}
          Headers = [Content-Type:"application/json;charset=UTF-8", Content-Length:"71"]
             Body = {
    "username": "tfav_43291696",
    "password": "testpassword123"
}

    Session Attrs = {}

Handler:
             Type = com.gb02.syumsvc.controller.SessionController
           Method = com.gb02.syumsvc.controller.SessionController#loginUser(Map)

Async:
    Async started = false
     Async result = null

Resolved Exception:
             Type = null

ModelAndView:
        View name = null
             View = null
            Model = null

FlashMap:
       Attributes = null

MockHttpServletResponse:
           Status = 400
    Error message = null
          Headers = [Vary:"Origin", "Access-Control-Request-Method", "Access-Control-Request-Headers", Content-Type:"application/json"]
     Content type = application/json
             Body = {"error":"Nick and password are required."}
    Forwarded URL = null
   Redirected URL = null
          Cookies = []
User registered successfully.

MockHttpServletRequest:
      HTTP Method = POST
      Request URI = /register
       Parameters = {}
          Headers = [Content-Type:"application/json;charset=UTF-8", Content-Length:"154"]
             Body = {
    "nick": "tfav_43291837",
    "nombre": "Test",
    "apellido1": "Fav",
    "email": "tfav_43291837@test.com",
    "contrasena": "testpassword123"
}

    Session Attrs = {}

Handler:
             Type = com.gb02.syumsvc.controller.SessionController
           Method = com.gb02.syumsvc.controller.SessionController#registerUser(Map)

Async:
    Async started = false
     Async result = null

Resolved Exception:
             Type = null

ModelAndView:
        View name = null
             View = null
            Model = null

FlashMap:
       Attributes = null

MockHttpServletResponse:
           Status = 200
    Error message = null
          Headers = [Vary:"Origin", "Access-Control-Request-Method", "Access-Control-Request-Headers", Content-Type:"application/json"]
     Content type = application/json
             Body = {"session_token":"c6f98671da2c4424da9c2deffaf8c12b969857034cb547eea372abdf87fa1cac460d38b72d8353d9bd10e42efde5d68b7ed900a13925cfd461333f7b0ffc5711","registered_user":{"nick":"tfav_43291837","apellido2":null,"fechaReg":"2025-11-14","apellido1":"Fav","idUsuario":37,"idArtista":0,"contrasena":null,"nombre":"Test","email":"tfav_43291837@test.com"}}
    Forwarded URL = null
   Redirected URL = null
          Cookies = []

MockHttpServletRequest:
      HTTP Method = POST
      Request URI = /login
       Parameters = {}
          Headers = [Content-Type:"application/json;charset=UTF-8", Content-Length:"71"]
             Body = {
    "username": "tfav_43291837",
    "password": "testpassword123"
}

    Session Attrs = {}

Handler:
             Type = com.gb02.syumsvc.controller.SessionController
           Method = com.gb02.syumsvc.controller.SessionController#loginUser(Map)

Async:
    Async started = false
     Async result = null

Resolved Exception:
             Type = null

ModelAndView:
        View name = null
             View = null
            Model = null

FlashMap:
       Attributes = null

MockHttpServletResponse:
           Status = 400
    Error message = null
          Headers = [Vary:"Origin", "Access-Control-Request-Method", "Access-Control-Request-Headers", Content-Type:"application/json"]
     Content type = application/json
             Body = {"error":"Nick and password are required."}
    Forwarded URL = null
   Redirected URL = null
          Cookies = []
User registered successfully.

MockHttpServletRequest:
      HTTP Method = POST
      Request URI = /register
       Parameters = {}
          Headers = [Content-Type:"application/json;charset=UTF-8", Content-Length:"154"]
             Body = {
    "nick": "tfav_43291965",
    "nombre": "Test",
    "apellido1": "Fav",
    "email": "tfav_43291965@test.com",
    "contrasena": "testpassword123"
}

    Session Attrs = {}

Handler:
             Type = com.gb02.syumsvc.controller.SessionController
           Method = com.gb02.syumsvc.controller.SessionController#registerUser(Map)

Async:
    Async started = false
     Async result = null

Resolved Exception:
             Type = null

ModelAndView:
        View name = null
             View = null
            Model = null

FlashMap:
       Attributes = null

MockHttpServletResponse:
           Status = 200
    Error message = null
          Headers = [Vary:"Origin", "Access-Control-Request-Method", "Access-Control-Request-Headers", Content-Type:"application/json"]
     Content type = application/json
             Body = {"session_token":"5b32538b1a072d8fd5c32008d6c9d7560dd01a823301f9dc64b20c721b767f573e6d25c69b863b9fdccb17314f8c6ec2f0d319b5c441ecd0af055ebe727a6442","registered_user":{"nick":"tfav_43291965","apellido2":null,"fechaReg":"2025-11-14","apellido1":"Fav","idUsuario":38,"idArtista":0,"contrasena":null,"nombre":"Test","email":"tfav_43291965@test.com"}}
    Forwarded URL = null
   Redirected URL = null
          Cookies = []

MockHttpServletRequest:
      HTTP Method = POST
      Request URI = /login
       Parameters = {}
          Headers = [Content-Type:"application/json;charset=UTF-8", Content-Length:"71"]
             Body = {
    "username": "tfav_43291965",
    "password": "testpassword123"
}

    Session Attrs = {}

Handler:
             Type = com.gb02.syumsvc.controller.SessionController
           Method = com.gb02.syumsvc.controller.SessionController#loginUser(Map)

Async:
    Async started = false
     Async result = null

Resolved Exception:
             Type = null

ModelAndView:
        View name = null
             View = null
            Model = null

FlashMap:
       Attributes = null

MockHttpServletResponse:
           Status = 400
    Error message = null
          Headers = [Vary:"Origin", "Access-Control-Request-Method", "Access-Control-Request-Headers", Content-Type:"application/json"]
     Content type = application/json
             Body = {"error":"Nick and password are required."}
    Forwarded URL = null
   Redirected URL = null
          Cookies = []
User registered successfully.

MockHttpServletRequest:
      HTTP Method = POST
      Request URI = /register
       Parameters = {}
          Headers = [Content-Type:"application/json;charset=UTF-8", Content-Length:"154"]
             Body = {
    "nick": "tfav_43292098",
    "nombre": "Test",
    "apellido1": "Fav",
    "email": "tfav_43292098@test.com",
    "contrasena": "testpassword123"
}

    Session Attrs = {}

Handler:
             Type = com.gb02.syumsvc.controller.SessionController
           Method = com.gb02.syumsvc.controller.SessionController#registerUser(Map)

Async:
    Async started = false
     Async result = null

Resolved Exception:
             Type = null

ModelAndView:
        View name = null
             View = null
            Model = null

FlashMap:
       Attributes = null

MockHttpServletResponse:
           Status = 200
    Error message = null
          Headers = [Vary:"Origin", "Access-Control-Request-Method", "Access-Control-Request-Headers", Content-Type:"application/json"]
     Content type = application/json
             Body = {"session_token":"f365853d443bf3fc27f0881a0dfc4437268f5f5d9d40943c332b6aeb72c4c7eb9562b6cedb42640f1f0bdfb28de119723c0d4986f8c1176c6fc206cd3813a0aa","registered_user":{"nick":"tfav_43292098","apellido2":null,"fechaReg":"2025-11-14","apellido1":"Fav","idUsuario":39,"idArtista":0,"contrasena":null,"nombre":"Test","email":"tfav_43292098@test.com"}}
    Forwarded URL = null
   Redirected URL = null
          Cookies = []

MockHttpServletRequest:
      HTTP Method = POST
      Request URI = /login
       Parameters = {}
          Headers = [Content-Type:"application/json;charset=UTF-8", Content-Length:"71"]
             Body = {
    "username": "tfav_43292098",
    "password": "testpassword123"
}

    Session Attrs = {}

Handler:
             Type = com.gb02.syumsvc.controller.SessionController
           Method = com.gb02.syumsvc.controller.SessionController#loginUser(Map)

Async:
    Async started = false
     Async result = null

Resolved Exception:
             Type = null

ModelAndView:
        View name = null
             View = null
            Model = null

FlashMap:
       Attributes = null

MockHttpServletResponse:
           Status = 400
    Error message = null
          Headers = [Vary:"Origin", "Access-Control-Request-Method", "Access-Control-Request-Headers", Content-Type:"application/json"]
     Content type = application/json
             Body = {"error":"Nick and password are required."}
    Forwarded URL = null
   Redirected URL = null
          Cookies = []
User registered successfully.

MockHttpServletRequest:
      HTTP Method = POST
      Request URI = /register
       Parameters = {}
          Headers = [Content-Type:"application/json;charset=UTF-8", Content-Length:"154"]
             Body = {
    "nick": "tfav_43292243",
    "nombre": "Test",
    "apellido1": "Fav",
    "email": "tfav_43292243@test.com",
    "contrasena": "testpassword123"
}

    Session Attrs = {}

Handler:
             Type = com.gb02.syumsvc.controller.SessionController
           Method = com.gb02.syumsvc.controller.SessionController#registerUser(Map)

Async:
    Async started = false
     Async result = null

Resolved Exception:
             Type = null

ModelAndView:
        View name = null
             View = null
            Model = null

FlashMap:
       Attributes = null

MockHttpServletResponse:
           Status = 200
    Error message = null
          Headers = [Vary:"Origin", "Access-Control-Request-Method", "Access-Control-Request-Headers", Content-Type:"application/json"]
     Content type = application/json
             Body = {"session_token":"9249ccce54985ac53ba61ae2d3ad2dfd477c81c93877915ff622eec849c47379066ba22094e508a792771ca1a1be1b0d0646be55a4e84384cef16f8c4a9b1f91","registered_user":{"nick":"tfav_43292243","apellido2":null,"fechaReg":"2025-11-14","apellido1":"Fav","idUsuario":40,"idArtista":0,"contrasena":null,"nombre":"Test","email":"tfav_43292243@test.com"}}
    Forwarded URL = null
   Redirected URL = null
          Cookies = []

MockHttpServletRequest:
      HTTP Method = POST
      Request URI = /login
       Parameters = {}
          Headers = [Content-Type:"application/json;charset=UTF-8", Content-Length:"71"]
             Body = {
    "username": "tfav_43292243",
    "password": "testpassword123"
}

    Session Attrs = {}

Handler:
             Type = com.gb02.syumsvc.controller.SessionController
           Method = com.gb02.syumsvc.controller.SessionController#loginUser(Map)

Async:
    Async started = false
     Async result = null

Resolved Exception:
             Type = null

ModelAndView:
        View name = null
             View = null
            Model = null

FlashMap:
       Attributes = null

MockHttpServletResponse:
           Status = 400
    Error message = null
          Headers = [Vary:"Origin", "Access-Control-Request-Method", "Access-Control-Request-Headers", Content-Type:"application/json"]
     Content type = application/json
             Body = {"error":"Nick and password are required."}
    Forwarded URL = null
   Redirected URL = null
          Cookies = []
User registered successfully.

MockHttpServletRequest:
      HTTP Method = POST
      Request URI = /register
       Parameters = {}
          Headers = [Content-Type:"application/json;charset=UTF-8", Content-Length:"154"]
             Body = {
    "nick": "tfav_43292370",
    "nombre": "Test",
    "apellido1": "Fav",
    "email": "tfav_43292370@test.com",
    "contrasena": "testpassword123"
}

    Session Attrs = {}

Handler:
             Type = com.gb02.syumsvc.controller.SessionController
           Method = com.gb02.syumsvc.controller.SessionController#registerUser(Map)

Async:
    Async started = false
     Async result = null

Resolved Exception:
             Type = null

ModelAndView:
        View name = null
             View = null
            Model = null

FlashMap:
       Attributes = null

MockHttpServletResponse:
           Status = 200
    Error message = null
          Headers = [Vary:"Origin", "Access-Control-Request-Method", "Access-Control-Request-Headers", Content-Type:"application/json"]
     Content type = application/json
             Body = {"session_token":"7eede8851f9151edeb8f76984e0edb663fecb43f14cb21f723ff8cd6193c5120ee70a684b92b4cc643b0ea62e8a9fcb15e4f2bd43b75eb99f60d670d68a69afd","registered_user":{"nick":"tfav_43292370","apellido2":null,"fechaReg":"2025-11-14","apellido1":"Fav","idUsuario":41,"idArtista":0,"contrasena":null,"nombre":"Test","email":"tfav_43292370@test.com"}}
    Forwarded URL = null
   Redirected URL = null
          Cookies = []

MockHttpServletRequest:
      HTTP Method = POST
      Request URI = /login
       Parameters = {}
          Headers = [Content-Type:"application/json;charset=UTF-8", Content-Length:"71"]
             Body = {
    "username": "tfav_43292370",
    "password": "testpassword123"
}

    Session Attrs = {}

Handler:
             Type = com.gb02.syumsvc.controller.SessionController
           Method = com.gb02.syumsvc.controller.SessionController#loginUser(Map)

Async:
    Async started = false
     Async result = null

Resolved Exception:
             Type = null

ModelAndView:
        View name = null
             View = null
            Model = null

FlashMap:
       Attributes = null

MockHttpServletResponse:
           Status = 400
    Error message = null
          Headers = [Vary:"Origin", "Access-Control-Request-Method", "Access-Control-Request-Headers", Content-Type:"application/json"]
     Content type = application/json
             Body = {"error":"Nick and password are required."}
    Forwarded URL = null
   Redirected URL = null
          Cookies = []
User registered successfully.

MockHttpServletRequest:
      HTTP Method = POST
      Request URI = /register
       Parameters = {}
          Headers = [Content-Type:"application/json;charset=UTF-8", Content-Length:"154"]
             Body = {
    "nick": "tfav_43292496",
    "nombre": "Test",
    "apellido1": "Fav",
    "email": "tfav_43292496@test.com",
    "contrasena": "testpassword123"
}

    Session Attrs = {}

Handler:
             Type = com.gb02.syumsvc.controller.SessionController
           Method = com.gb02.syumsvc.controller.SessionController#registerUser(Map)

Async:
    Async started = false
     Async result = null

Resolved Exception:
             Type = null

ModelAndView:
        View name = null
             View = null
            Model = null

FlashMap:
       Attributes = null

MockHttpServletResponse:
           Status = 200
    Error message = null
          Headers = [Vary:"Origin", "Access-Control-Request-Method", "Access-Control-Request-Headers", Content-Type:"application/json"]
     Content type = application/json
             Body = {"session_token":"bfda17709ab3a39ce0c64608ae7684b4622f4433fce3dd090b97acb620a2692740bad3842bf85347d0fef832ed0e0266cfbbe67d06cd54699e5a6e98b9e12536","registered_user":{"nick":"tfav_43292496","apellido2":null,"fechaReg":"2025-11-14","apellido1":"Fav","idUsuario":42,"idArtista":0,"contrasena":null,"nombre":"Test","email":"tfav_43292496@test.com"}}
    Forwarded URL = null
   Redirected URL = null
          Cookies = []

MockHttpServletRequest:
      HTTP Method = POST
      Request URI = /login
       Parameters = {}
          Headers = [Content-Type:"application/json;charset=UTF-8", Content-Length:"71"]
             Body = {
    "username": "tfav_43292496",
    "password": "testpassword123"
}

    Session Attrs = {}

Handler:
             Type = com.gb02.syumsvc.controller.SessionController
           Method = com.gb02.syumsvc.controller.SessionController#loginUser(Map)

Async:
    Async started = false
     Async result = null

Resolved Exception:
             Type = null

ModelAndView:
        View name = null
             View = null
            Model = null

FlashMap:
       Attributes = null

MockHttpServletResponse:
           Status = 400
    Error message = null
          Headers = [Vary:"Origin", "Access-Control-Request-Method", "Access-Control-Request-Headers", Content-Type:"application/json"]
     Content type = application/json
             Body = {"error":"Nick and password are required."}
    Forwarded URL = null
   Redirected URL = null
          Cookies = []
User registered successfully.

MockHttpServletRequest:
      HTTP Method = POST
      Request URI = /register
       Parameters = {}
          Headers = [Content-Type:"application/json;charset=UTF-8", Content-Length:"154"]
             Body = {
    "nick": "tfav_43292627",
    "nombre": "Test",
    "apellido1": "Fav",
    "email": "tfav_43292627@test.com",
    "contrasena": "testpassword123"
}

    Session Attrs = {}

Handler:
             Type = com.gb02.syumsvc.controller.SessionController
           Method = com.gb02.syumsvc.controller.SessionController#registerUser(Map)

Async:
    Async started = false
     Async result = null

Resolved Exception:
             Type = null

ModelAndView:
        View name = null
             View = null
            Model = null

FlashMap:
       Attributes = null

MockHttpServletResponse:
           Status = 200
    Error message = null
          Headers = [Vary:"Origin", "Access-Control-Request-Method", "Access-Control-Request-Headers", Content-Type:"application/json"]
     Content type = application/json
             Body = {"session_token":"b2663184da3e92a3cde1e029a97e4cb046305a43e96ebd1151b6cd4b4e754928e49d56aad0f1c242116d53938928405074bd6081b5662317b049a3c61c374a6e","registered_user":{"nick":"tfav_43292627","apellido2":null,"fechaReg":"2025-11-14","apellido1":"Fav","idUsuario":43,"idArtista":0,"contrasena":null,"nombre":"Test","email":"tfav_43292627@test.com"}}
    Forwarded URL = null
   Redirected URL = null
          Cookies = []

MockHttpServletRequest:
      HTTP Method = POST
      Request URI = /login
       Parameters = {}
          Headers = [Content-Type:"application/json;charset=UTF-8", Content-Length:"71"]
             Body = {
    "username": "tfav_43292627",
    "password": "testpassword123"
}

    Session Attrs = {}

Handler:
             Type = com.gb02.syumsvc.controller.SessionController
           Method = com.gb02.syumsvc.controller.SessionController#loginUser(Map)

Async:
    Async started = false
     Async result = null

Resolved Exception:
             Type = null

ModelAndView:
        View name = null
             View = null
            Model = null

FlashMap:
       Attributes = null

MockHttpServletResponse:
           Status = 400
    Error message = null
          Headers = [Vary:"Origin", "Access-Control-Request-Method", "Access-Control-Request-Headers", Content-Type:"application/json"]
     Content type = application/json
             Body = {"error":"Nick and password are required."}
    Forwarded URL = null
   Redirected URL = null
          Cookies = []
User registered successfully.

MockHttpServletRequest:
      HTTP Method = POST
      Request URI = /register
       Parameters = {}
          Headers = [Content-Type:"application/json;charset=UTF-8", Content-Length:"154"]
             Body = {
    "nick": "tfav_43292751",
    "nombre": "Test",
    "apellido1": "Fav",
    "email": "tfav_43292751@test.com",
    "contrasena": "testpassword123"
}

    Session Attrs = {}

Handler:
             Type = com.gb02.syumsvc.controller.SessionController
           Method = com.gb02.syumsvc.controller.SessionController#registerUser(Map)

Async:
    Async started = false
     Async result = null

Resolved Exception:
             Type = null

ModelAndView:
        View name = null
             View = null
            Model = null

FlashMap:
       Attributes = null

MockHttpServletResponse:
           Status = 200
    Error message = null
          Headers = [Vary:"Origin", "Access-Control-Request-Method", "Access-Control-Request-Headers", Content-Type:"application/json"]
     Content type = application/json
             Body = {"session_token":"77174cb20ab5e1b45a16d409152f1066e3ffe8a6ad4366ace0256d4532badb538f58ccfb09c61a493a0104be15c944e9d08abb0268c27a184a6207b54ce5f581","registered_user":{"nick":"tfav_43292751","apellido2":null,"fechaReg":"2025-11-14","apellido1":"Fav","idUsuario":44,"idArtista":0,"contrasena":null,"nombre":"Test","email":"tfav_43292751@test.com"}}
    Forwarded URL = null
   Redirected URL = null
          Cookies = []

MockHttpServletRequest:
      HTTP Method = POST
      Request URI = /login
       Parameters = {}
          Headers = [Content-Type:"application/json;charset=UTF-8", Content-Length:"71"]
             Body = {
    "username": "tfav_43292751",
    "password": "testpassword123"
}

    Session Attrs = {}

Handler:
             Type = com.gb02.syumsvc.controller.SessionController
           Method = com.gb02.syumsvc.controller.SessionController#loginUser(Map)

Async:
    Async started = false
     Async result = null

Resolved Exception:
             Type = null

ModelAndView:
        View name = null
             View = null
            Model = null

FlashMap:
       Attributes = null

MockHttpServletResponse:
           Status = 400
    Error message = null
          Headers = [Vary:"Origin", "Access-Control-Request-Method", "Access-Control-Request-Headers", Content-Type:"application/json"]
     Content type = application/json
             Body = {"error":"Nick and password are required."}
    Forwarded URL = null
   Redirected URL = null
          Cookies = []
User registered successfully.

MockHttpServletRequest:
      HTTP Method = POST
      Request URI = /register
       Parameters = {}
          Headers = [Content-Type:"application/json;charset=UTF-8", Content-Length:"154"]
             Body = {
    "nick": "tfav_43292899",
    "nombre": "Test",
    "apellido1": "Fav",
    "email": "tfav_43292899@test.com",
    "contrasena": "testpassword123"
}

    Session Attrs = {}

Handler:
             Type = com.gb02.syumsvc.controller.SessionController
           Method = com.gb02.syumsvc.controller.SessionController#registerUser(Map)

Async:
    Async started = false
     Async result = null

Resolved Exception:
             Type = null

ModelAndView:
        View name = null
             View = null
            Model = null

FlashMap:
       Attributes = null

MockHttpServletResponse:
           Status = 200
    Error message = null
          Headers = [Vary:"Origin", "Access-Control-Request-Method", "Access-Control-Request-Headers", Content-Type:"application/json"]
     Content type = application/json
             Body = {"session_token":"6354435749771f104a1ac370ac259aeed4b1f5f25abd7f5e58fa8b138c4ea7d85d7a61a1a8c381d25bda14992649131cf2ee9f2e0b951ccf66d79ea5345428d9","registered_user":{"nick":"tfav_43292899","apellido2":null,"fechaReg":"2025-11-14","apellido1":"Fav","idUsuario":45,"idArtista":0,"contrasena":null,"nombre":"Test","email":"tfav_43292899@test.com"}}
    Forwarded URL = null
   Redirected URL = null
          Cookies = []

MockHttpServletRequest:
      HTTP Method = POST
      Request URI = /login
       Parameters = {}
          Headers = [Content-Type:"application/json;charset=UTF-8", Content-Length:"71"]
             Body = {
    "username": "tfav_43292899",
    "password": "testpassword123"
}

    Session Attrs = {}

Handler:
             Type = com.gb02.syumsvc.controller.SessionController
           Method = com.gb02.syumsvc.controller.SessionController#loginUser(Map)

Async:
    Async started = false
     Async result = null

Resolved Exception:
             Type = null

ModelAndView:
        View name = null
             View = null
            Model = null

FlashMap:
       Attributes = null

MockHttpServletResponse:
           Status = 400
    Error message = null
          Headers = [Vary:"Origin", "Access-Control-Request-Method", "Access-Control-Request-Headers", Content-Type:"application/json"]
     Content type = application/json
             Body = {"error":"Nick and password are required."}
    Forwarded URL = null
   Redirected URL = null
          Cookies = []
User registered successfully.

MockHttpServletRequest:
      HTTP Method = POST
      Request URI = /register
       Parameters = {}
          Headers = [Content-Type:"application/json;charset=UTF-8", Content-Length:"154"]
             Body = {
    "nick": "tfav_43293024",
    "nombre": "Test",
    "apellido1": "Fav",
    "email": "tfav_43293024@test.com",
    "contrasena": "testpassword123"
}

    Session Attrs = {}

Handler:
             Type = com.gb02.syumsvc.controller.SessionController
           Method = com.gb02.syumsvc.controller.SessionController#registerUser(Map)

Async:
    Async started = false
     Async result = null

Resolved Exception:
             Type = null

ModelAndView:
        View name = null
             View = null
            Model = null

FlashMap:
       Attributes = null

MockHttpServletResponse:
           Status = 200
    Error message = null
          Headers = [Vary:"Origin", "Access-Control-Request-Method", "Access-Control-Request-Headers", Content-Type:"application/json"]
     Content type = application/json
             Body = {"session_token":"c9b61a4df27c2075f7d8bb35dc9035ec03fe62a73ccca9f3d0b25ba3ec97a5740b8dd7db6373176280203390c86ca1cfbf3abdce31d576399205a92d39d52319","registered_user":{"nick":"tfav_43293024","apellido2":null,"fechaReg":"2025-11-14","apellido1":"Fav","idUsuario":46,"idArtista":0,"contrasena":null,"nombre":"Test","email":"tfav_43293024@test.com"}}
    Forwarded URL = null
   Redirected URL = null
          Cookies = []

MockHttpServletRequest:
      HTTP Method = POST
      Request URI = /login
       Parameters = {}
          Headers = [Content-Type:"application/json;charset=UTF-8", Content-Length:"71"]
             Body = {
    "username": "tfav_43293024",
    "password": "testpassword123"
}

    Session Attrs = {}

Handler:
             Type = com.gb02.syumsvc.controller.SessionController
           Method = com.gb02.syumsvc.controller.SessionController#loginUser(Map)

Async:
    Async started = false
     Async result = null

Resolved Exception:
             Type = null

ModelAndView:
        View name = null
             View = null
            Model = null

FlashMap:
       Attributes = null

MockHttpServletResponse:
           Status = 400
    Error message = null
          Headers = [Vary:"Origin", "Access-Control-Request-Method", "Access-Control-Request-Headers", Content-Type:"application/json"]
     Content type = application/json
             Body = {"error":"Nick and password are required."}
    Forwarded URL = null
   Redirected URL = null
          Cookies = []
User registered successfully.

MockHttpServletRequest:
      HTTP Method = POST
      Request URI = /register
       Parameters = {}
          Headers = [Content-Type:"application/json;charset=UTF-8", Content-Length:"154"]
             Body = {
    "nick": "tfav_43293149",
    "nombre": "Test",
    "apellido1": "Fav",
    "email": "tfav_43293149@test.com",
    "contrasena": "testpassword123"
}

    Session Attrs = {}

Handler:
             Type = com.gb02.syumsvc.controller.SessionController
           Method = com.gb02.syumsvc.controller.SessionController#registerUser(Map)

Async:
    Async started = false
     Async result = null

Resolved Exception:
             Type = null

ModelAndView:
        View name = null
             View = null
            Model = null

FlashMap:
       Attributes = null

MockHttpServletResponse:
           Status = 200
    Error message = null
          Headers = [Vary:"Origin", "Access-Control-Request-Method", "Access-Control-Request-Headers", Content-Type:"application/json"]
     Content type = application/json
             Body = {"session_token":"a193b700c840843b0aab418efc2d73a6f70691696d3502c737dd76c8f90b332815f824922c9880e0bd54108dedbde85ad9455ca57bc30327114300a0fc8382c3","registered_user":{"nick":"tfav_43293149","apellido2":null,"fechaReg":"2025-11-14","apellido1":"Fav","idUsuario":47,"idArtista":0,"contrasena":null,"nombre":"Test","email":"tfav_43293149@test.com"}}
    Forwarded URL = null
   Redirected URL = null
          Cookies = []

MockHttpServletRequest:
      HTTP Method = POST
      Request URI = /login
       Parameters = {}
          Headers = [Content-Type:"application/json;charset=UTF-8", Content-Length:"71"]
             Body = {
    "username": "tfav_43293149",
    "password": "testpassword123"
}

    Session Attrs = {}

Handler:
             Type = com.gb02.syumsvc.controller.SessionController
           Method = com.gb02.syumsvc.controller.SessionController#loginUser(Map)

Async:
    Async started = false
     Async result = null

Resolved Exception:
             Type = null

ModelAndView:
        View name = null
             View = null
            Model = null

FlashMap:
       Attributes = null

MockHttpServletResponse:
           Status = 400
    Error message = null
          Headers = [Vary:"Origin", "Access-Control-Request-Method", "Access-Control-Request-Headers", Content-Type:"application/json"]
     Content type = application/json
             Body = {"error":"Nick and password are required."}
    Forwarded URL = null
   Redirected URL = null
          Cookies = []
User registered successfully.

MockHttpServletRequest:
      HTTP Method = POST
      Request URI = /register
       Parameters = {}
          Headers = [Content-Type:"application/json;charset=UTF-8", Content-Length:"154"]
             Body = {
    "nick": "tfav_43293300",
    "nombre": "Test",
    "apellido1": "Fav",
    "email": "tfav_43293300@test.com",
    "contrasena": "testpassword123"
}

    Session Attrs = {}

Handler:
             Type = com.gb02.syumsvc.controller.SessionController
           Method = com.gb02.syumsvc.controller.SessionController#registerUser(Map)

Async:
    Async started = false
     Async result = null

Resolved Exception:
             Type = null

ModelAndView:
        View name = null
             View = null
            Model = null

FlashMap:
       Attributes = null

MockHttpServletResponse:
           Status = 200
    Error message = null
          Headers = [Vary:"Origin", "Access-Control-Request-Method", "Access-Control-Request-Headers", Content-Type:"application/json"]
     Content type = application/json
             Body = {"session_token":"f0a397e1ef833391da5b36dc5e3c96cd37e3f3a08494d1a9a6277830d6257e164438bd604d5ce7f01a0359fb54f2c926462ee8ace8766e3c16e011df937e60b2","registered_user":{"nick":"tfav_43293300","apellido2":null,"fechaReg":"2025-11-14","apellido1":"Fav","idUsuario":48,"idArtista":0,"contrasena":null,"nombre":"Test","email":"tfav_43293300@test.com"}}
    Forwarded URL = null
   Redirected URL = null
          Cookies = []

MockHttpServletRequest:
      HTTP Method = POST
      Request URI = /login
       Parameters = {}
          Headers = [Content-Type:"application/json;charset=UTF-8", Content-Length:"71"]
             Body = {
    "username": "tfav_43293300",
    "password": "testpassword123"
}

    Session Attrs = {}

Handler:
             Type = com.gb02.syumsvc.controller.SessionController
           Method = com.gb02.syumsvc.controller.SessionController#loginUser(Map)

Async:
    Async started = false
     Async result = null

Resolved Exception:
             Type = null

ModelAndView:
        View name = null
             View = null
            Model = null

FlashMap:
       Attributes = null

MockHttpServletResponse:
           Status = 400
    Error message = null
          Headers = [Vary:"Origin", "Access-Control-Request-Method", "Access-Control-Request-Headers", Content-Type:"application/json"]
     Content type = application/json
             Body = {"error":"Nick and password are required."}
    Forwarded URL = null
   Redirected URL = null
          Cookies = []
User registered successfully.

MockHttpServletRequest:
      HTTP Method = POST
      Request URI = /register
       Parameters = {}
          Headers = [Content-Type:"application/json;charset=UTF-8", Content-Length:"154"]
             Body = {
    "nick": "tfav_43293425",
    "nombre": "Test",
    "apellido1": "Fav",
    "email": "tfav_43293425@test.com",
    "contrasena": "testpassword123"
}

    Session Attrs = {}

Handler:
             Type = com.gb02.syumsvc.controller.SessionController
           Method = com.gb02.syumsvc.controller.SessionController#registerUser(Map)

Async:
    Async started = false
     Async result = null

Resolved Exception:
             Type = null

ModelAndView:
        View name = null
             View = null
            Model = null

FlashMap:
       Attributes = null

MockHttpServletResponse:
           Status = 200
    Error message = null
          Headers = [Vary:"Origin", "Access-Control-Request-Method", "Access-Control-Request-Headers", Content-Type:"application/json"]
     Content type = application/json
             Body = {"session_token":"446280630fea963968e8c1b361bd75533e7f9fe52f72c3456e3046d7c68fd44df8c37dad17b612bf723fe389e47b68adfdd7d6f105f2446d7f3cad78e3120a1e","registered_user":{"nick":"tfav_43293425","apellido2":null,"fechaReg":"2025-11-14","apellido1":"Fav","idUsuario":49,"idArtista":0,"contrasena":null,"nombre":"Test","email":"tfav_43293425@test.com"}}
    Forwarded URL = null
   Redirected URL = null
          Cookies = []

MockHttpServletRequest:
      HTTP Method = POST
      Request URI = /login
       Parameters = {}
          Headers = [Content-Type:"application/json;charset=UTF-8", Content-Length:"71"]
             Body = {
    "username": "tfav_43293425",
    "password": "testpassword123"
}

    Session Attrs = {}

Handler:
             Type = com.gb02.syumsvc.controller.SessionController
           Method = com.gb02.syumsvc.controller.SessionController#loginUser(Map)

Async:
    Async started = false
     Async result = null

Resolved Exception:
             Type = null

ModelAndView:
        View name = null
             View = null
            Model = null

FlashMap:
       Attributes = null

MockHttpServletResponse:
           Status = 400
    Error message = null
          Headers = [Vary:"Origin", "Access-Control-Request-Method", "Access-Control-Request-Headers", Content-Type:"application/json"]
     Content type = application/json
             Body = {"error":"Nick and password are required."}
    Forwarded URL = null
   Redirected URL = null
          Cookies = []
User registered successfully.

MockHttpServletRequest:
      HTTP Method = POST
      Request URI = /register
       Parameters = {}
          Headers = [Content-Type:"application/json;charset=UTF-8", Content-Length:"154"]
             Body = {
    "nick": "tfav_43293559",
    "nombre": "Test",
    "apellido1": "Fav",
    "email": "tfav_43293559@test.com",
    "contrasena": "testpassword123"
}

    Session Attrs = {}

Handler:
             Type = com.gb02.syumsvc.controller.SessionController
           Method = com.gb02.syumsvc.controller.SessionController#registerUser(Map)

Async:
    Async started = false
     Async result = null

Resolved Exception:
             Type = null

ModelAndView:
        View name = null
             View = null
            Model = null

FlashMap:
       Attributes = null

MockHttpServletResponse:
           Status = 200
    Error message = null
          Headers = [Vary:"Origin", "Access-Control-Request-Method", "Access-Control-Request-Headers", Content-Type:"application/json"]
     Content type = application/json
             Body = {"session_token":"4712da2e2e65e703708ea4029589a388f08f38dac5c3e4d454b0646ced3fb061acac567b89eaf063d5b25b7152f9798194d667685d76d33f3336aef44397acb4","registered_user":{"nick":"tfav_43293559","apellido2":null,"fechaReg":"2025-11-14","apellido1":"Fav","idUsuario":50,"idArtista":0,"contrasena":null,"nombre":"Test","email":"tfav_43293559@test.com"}}
    Forwarded URL = null
   Redirected URL = null
          Cookies = []

MockHttpServletRequest:
      HTTP Method = POST
      Request URI = /login
       Parameters = {}
          Headers = [Content-Type:"application/json;charset=UTF-8", Content-Length:"71"]
             Body = {
    "username": "tfav_43293559",
    "password": "testpassword123"
}

    Session Attrs = {}

Handler:
             Type = com.gb02.syumsvc.controller.SessionController
           Method = com.gb02.syumsvc.controller.SessionController#loginUser(Map)

Async:
    Async started = false
     Async result = null

Resolved Exception:
             Type = null

ModelAndView:
        View name = null
             View = null
            Model = null

FlashMap:
       Attributes = null

MockHttpServletResponse:
           Status = 400
    Error message = null
          Headers = [Vary:"Origin", "Access-Control-Request-Method", "Access-Control-Request-Headers", Content-Type:"application/json"]
     Content type = application/json
             Body = {"error":"Nick and password are required."}
    Forwarded URL = null
   Redirected URL = null
          Cookies = []
User registered successfully.

MockHttpServletRequest:
      HTTP Method = POST
      Request URI = /register
       Parameters = {}
          Headers = [Content-Type:"application/json;charset=UTF-8", Content-Length:"154"]
             Body = {
    "nick": "tfav_43293689",
    "nombre": "Test",
    "apellido1": "Fav",
    "email": "tfav_43293689@test.com",
    "contrasena": "testpassword123"
}

    Session Attrs = {}

Handler:
             Type = com.gb02.syumsvc.controller.SessionController
           Method = com.gb02.syumsvc.controller.SessionController#registerUser(Map)

Async:
    Async started = false
     Async result = null

Resolved Exception:
             Type = null

ModelAndView:
        View name = null
             View = null
            Model = null

FlashMap:
       Attributes = null

MockHttpServletResponse:
           Status = 200
    Error message = null
          Headers = [Vary:"Origin", "Access-Control-Request-Method", "Access-Control-Request-Headers", Content-Type:"application/json"]
     Content type = application/json
             Body = {"session_token":"6052ee01f1ea1d1ed92e3eb445b9c0ce2496e3f2590a8c2ae428e0eb4f55b47a16321ec0b0ccac42b1d914d9811900140ad94a2e2e4cf90220160c3dadd9fc3c","registered_user":{"nick":"tfav_43293689","apellido2":null,"fechaReg":"2025-11-14","apellido1":"Fav","idUsuario":51,"idArtista":0,"contrasena":null,"nombre":"Test","email":"tfav_43293689@test.com"}}
    Forwarded URL = null
   Redirected URL = null
          Cookies = []

MockHttpServletRequest:
      HTTP Method = POST
      Request URI = /login
       Parameters = {}
          Headers = [Content-Type:"application/json;charset=UTF-8", Content-Length:"71"]
             Body = {
    "username": "tfav_43293689",
    "password": "testpassword123"
}

    Session Attrs = {}

Handler:
             Type = com.gb02.syumsvc.controller.SessionController
           Method = com.gb02.syumsvc.controller.SessionController#loginUser(Map)

Async:
    Async started = false
     Async result = null

Resolved Exception:
             Type = null

ModelAndView:
        View name = null
             View = null
            Model = null

FlashMap:
       Attributes = null

MockHttpServletResponse:
           Status = 400
    Error message = null
          Headers = [Vary:"Origin", "Access-Control-Request-Method", "Access-Control-Request-Headers", Content-Type:"application/json"]
     Content type = application/json
             Body = {"error":"Nick and password are required."}
    Forwarded URL = null
   Redirected URL = null
          Cookies = []
[ERROR] Tests run: 17, Failures: 17, Errors: 0, Skipped: 0, Time elapsed: 4.057 s <<< FAILURE! -- in com.gb02.syumsvc.controller.FavControllerTest
[ERROR] com.gb02.syumsvc.controller.FavControllerTest.testGetFavAlbums_EmptyList -- Time elapsed: 0.955 s <<< FAILURE!
java.lang.AssertionError: Status expected:<200> but was:<400>
	at org.springframework.test.util.AssertionErrors.fail(AssertionErrors.java:61)
	at org.springframework.test.util.AssertionErrors.assertEquals(AssertionErrors.java:128)
	at org.springframework.test.web.servlet.result.StatusResultMatchers.lambda$matcher$9(StatusResultMatchers.java:640)
	at org.springframework.test.web.servlet.MockMvc$1.andExpect(MockMvc.java:214)
	at com.gb02.syumsvc.controller.FavControllerTest.setup(FavControllerTest.java:74)
	at java.base/java.lang.reflect.Method.invoke(Method.java:565)
	at java.base/java.util.ArrayList.forEach(ArrayList.java:1604)
	at java.base/java.util.ArrayList.forEach(ArrayList.java:1604)

[ERROR] com.gb02.syumsvc.controller.FavControllerTest.testFavSongs_Unauthorized -- Time elapsed: 0.139 s <<< FAILURE!
java.lang.AssertionError: Status expected:<200> but was:<400>
	at org.springframework.test.util.AssertionErrors.fail(AssertionErrors.java:61)
	at org.springframework.test.util.AssertionErrors.assertEquals(AssertionErrors.java:128)
	at org.springframework.test.web.servlet.result.StatusResultMatchers.lambda$matcher$9(StatusResultMatchers.java:640)
	at org.springframework.test.web.servlet.MockMvc$1.andExpect(MockMvc.java:214)
	at com.gb02.syumsvc.controller.FavControllerTest.setup(FavControllerTest.java:74)
	at java.base/java.lang.reflect.Method.invoke(Method.java:565)
	at java.base/java.util.ArrayList.forEach(ArrayList.java:1604)
	at java.base/java.util.ArrayList.forEach(ArrayList.java:1604)

[ERROR] com.gb02.syumsvc.controller.FavControllerTest.testMultipleFavorites -- Time elapsed: 0.127 s <<< FAILURE!
java.lang.AssertionError: Status expected:<200> but was:<400>
	at org.springframework.test.util.AssertionErrors.fail(AssertionErrors.java:61)
	at org.springframework.test.util.AssertionErrors.assertEquals(AssertionErrors.java:128)
	at org.springframework.test.web.servlet.result.StatusResultMatchers.lambda$matcher$9(StatusResultMatchers.java:640)
	at org.springframework.test.web.servlet.MockMvc$1.andExpect(MockMvc.java:214)
	at com.gb02.syumsvc.controller.FavControllerTest.setup(FavControllerTest.java:74)
	at java.base/java.lang.reflect.Method.invoke(Method.java:565)
	at java.base/java.util.ArrayList.forEach(ArrayList.java:1604)
	at java.base/java.util.ArrayList.forEach(ArrayList.java:1604)

[ERROR] com.gb02.syumsvc.controller.FavControllerTest.testUnfavArtist_Success -- Time elapsed: 0.132 s <<< FAILURE!
java.lang.AssertionError: Status expected:<200> but was:<400>
	at org.springframework.test.util.AssertionErrors.fail(AssertionErrors.java:61)
	at org.springframework.test.util.AssertionErrors.assertEquals(AssertionErrors.java:128)
	at org.springframework.test.web.servlet.result.StatusResultMatchers.lambda$matcher$9(StatusResultMatchers.java:640)
	at org.springframework.test.web.servlet.MockMvc$1.andExpect(MockMvc.java:214)
	at com.gb02.syumsvc.controller.FavControllerTest.setup(FavControllerTest.java:74)
	at java.base/java.lang.reflect.Method.invoke(Method.java:565)
	at java.base/java.util.ArrayList.forEach(ArrayList.java:1604)
	at java.base/java.util.ArrayList.forEach(ArrayList.java:1604)

[ERROR] com.gb02.syumsvc.controller.FavControllerTest.testUnfavSong_Success -- Time elapsed: 0.145 s <<< FAILURE!
java.lang.AssertionError: Status expected:<200> but was:<400>
	at org.springframework.test.util.AssertionErrors.fail(AssertionErrors.java:61)
	at org.springframework.test.util.AssertionErrors.assertEquals(AssertionErrors.java:128)
	at org.springframework.test.web.servlet.result.StatusResultMatchers.lambda$matcher$9(StatusResultMatchers.java:640)
	at org.springframework.test.web.servlet.MockMvc$1.andExpect(MockMvc.java:214)
	at com.gb02.syumsvc.controller.FavControllerTest.setup(FavControllerTest.java:74)
	at java.base/java.lang.reflect.Method.invoke(Method.java:565)
	at java.base/java.util.ArrayList.forEach(ArrayList.java:1604)
	at java.base/java.util.ArrayList.forEach(ArrayList.java:1604)

[ERROR] com.gb02.syumsvc.controller.FavControllerTest.testFavAlbum_Success -- Time elapsed: 0.126 s <<< FAILURE!
java.lang.AssertionError: Status expected:<200> but was:<400>
	at org.springframework.test.util.AssertionErrors.fail(AssertionErrors.java:61)
	at org.springframework.test.util.AssertionErrors.assertEquals(AssertionErrors.java:128)
	at org.springframework.test.web.servlet.result.StatusResultMatchers.lambda$matcher$9(StatusResultMatchers.java:640)
	at org.springframework.test.web.servlet.MockMvc$1.andExpect(MockMvc.java:214)
	at com.gb02.syumsvc.controller.FavControllerTest.setup(FavControllerTest.java:74)
	at java.base/java.lang.reflect.Method.invoke(Method.java:565)
	at java.base/java.util.ArrayList.forEach(ArrayList.java:1604)
	at java.base/java.util.ArrayList.forEach(ArrayList.java:1604)

[ERROR] com.gb02.syumsvc.controller.FavControllerTest.testFavSong_AlreadyExists -- Time elapsed: 0.125 s <<< FAILURE!
java.lang.AssertionError: Status expected:<200> but was:<400>
	at org.springframework.test.util.AssertionErrors.fail(AssertionErrors.java:61)
	at org.springframework.test.util.AssertionErrors.assertEquals(AssertionErrors.java:128)
	at org.springframework.test.web.servlet.result.StatusResultMatchers.lambda$matcher$9(StatusResultMatchers.java:640)
	at org.springframework.test.web.servlet.MockMvc$1.andExpect(MockMvc.java:214)
	at com.gb02.syumsvc.controller.FavControllerTest.setup(FavControllerTest.java:74)
	at java.base/java.lang.reflect.Method.invoke(Method.java:565)
	at java.base/java.util.ArrayList.forEach(ArrayList.java:1604)
	at java.base/java.util.ArrayList.forEach(ArrayList.java:1604)

[ERROR] com.gb02.syumsvc.controller.FavControllerTest.testFavArtist_Success -- Time elapsed: 0.130 s <<< FAILURE!
java.lang.AssertionError: Status expected:<200> but was:<400>
	at org.springframework.test.util.AssertionErrors.fail(AssertionErrors.java:61)
	at org.springframework.test.util.AssertionErrors.assertEquals(AssertionErrors.java:128)
	at org.springframework.test.web.servlet.result.StatusResultMatchers.lambda$matcher$9(StatusResultMatchers.java:640)
	at org.springframework.test.web.servlet.MockMvc$1.andExpect(MockMvc.java:214)
	at com.gb02.syumsvc.controller.FavControllerTest.setup(FavControllerTest.java:74)
	at java.base/java.lang.reflect.Method.invoke(Method.java:565)
	at java.base/java.util.ArrayList.forEach(ArrayList.java:1604)
	at java.base/java.util.ArrayList.forEach(ArrayList.java:1604)

[ERROR] com.gb02.syumsvc.controller.FavControllerTest.testFavAlbum_AlreadyExists -- Time elapsed: 0.122 s <<< FAILURE!
java.lang.AssertionError: Status expected:<200> but was:<400>
	at org.springframework.test.util.AssertionErrors.fail(AssertionErrors.java:61)
	at org.springframework.test.util.AssertionErrors.assertEquals(AssertionErrors.java:128)
	at org.springframework.test.web.servlet.result.StatusResultMatchers.lambda$matcher$9(StatusResultMatchers.java:640)
	at org.springframework.test.web.servlet.MockMvc$1.andExpect(MockMvc.java:214)
	at com.gb02.syumsvc.controller.FavControllerTest.setup(FavControllerTest.java:74)
	at java.base/java.lang.reflect.Method.invoke(Method.java:565)
	at java.base/java.util.ArrayList.forEach(ArrayList.java:1604)
	at java.base/java.util.ArrayList.forEach(ArrayList.java:1604)

[ERROR] com.gb02.syumsvc.controller.FavControllerTest.testGetFavArtists_EmptyList -- Time elapsed: 0.148 s <<< FAILURE!
java.lang.AssertionError: Status expected:<200> but was:<400>
	at org.springframework.test.util.AssertionErrors.fail(AssertionErrors.java:61)
	at org.springframework.test.util.AssertionErrors.assertEquals(AssertionErrors.java:128)
	at org.springframework.test.web.servlet.result.StatusResultMatchers.lambda$matcher$9(StatusResultMatchers.java:640)
	at org.springframework.test.web.servlet.MockMvc$1.andExpect(MockMvc.java:214)
	at com.gb02.syumsvc.controller.FavControllerTest.setup(FavControllerTest.java:74)
	at java.base/java.lang.reflect.Method.invoke(Method.java:565)
	at java.base/java.util.ArrayList.forEach(ArrayList.java:1604)
	at java.base/java.util.ArrayList.forEach(ArrayList.java:1604)

[ERROR] com.gb02.syumsvc.controller.FavControllerTest.testUnfavAlbum_Success -- Time elapsed: 0.124 s <<< FAILURE!
java.lang.AssertionError: Status expected:<200> but was:<400>
	at org.springframework.test.util.AssertionErrors.fail(AssertionErrors.java:61)
	at org.springframework.test.util.AssertionErrors.assertEquals(AssertionErrors.java:128)
	at org.springframework.test.web.servlet.result.StatusResultMatchers.lambda$matcher$9(StatusResultMatchers.java:640)
	at org.springframework.test.web.servlet.MockMvc$1.andExpect(MockMvc.java:214)
	at com.gb02.syumsvc.controller.FavControllerTest.setup(FavControllerTest.java:74)
	at java.base/java.lang.reflect.Method.invoke(Method.java:565)
	at java.base/java.util.ArrayList.forEach(ArrayList.java:1604)
	at java.base/java.util.ArrayList.forEach(ArrayList.java:1604)

[ERROR] com.gb02.syumsvc.controller.FavControllerTest.testGetFavSongs_EmptyList -- Time elapsed: 0.124 s <<< FAILURE!
java.lang.AssertionError: Status expected:<200> but was:<400>
	at org.springframework.test.util.AssertionErrors.fail(AssertionErrors.java:61)
	at org.springframework.test.util.AssertionErrors.assertEquals(AssertionErrors.java:128)
	at org.springframework.test.web.servlet.result.StatusResultMatchers.lambda$matcher$9(StatusResultMatchers.java:640)
	at org.springframework.test.web.servlet.MockMvc$1.andExpect(MockMvc.java:214)
	at com.gb02.syumsvc.controller.FavControllerTest.setup(FavControllerTest.java:74)
	at java.base/java.lang.reflect.Method.invoke(Method.java:565)
	at java.base/java.util.ArrayList.forEach(ArrayList.java:1604)
	at java.base/java.util.ArrayList.forEach(ArrayList.java:1604)

[ERROR] com.gb02.syumsvc.controller.FavControllerTest.testUnfavArtist_NotFound -- Time elapsed: 0.150 s <<< FAILURE!
java.lang.AssertionError: Status expected:<200> but was:<400>
	at org.springframework.test.util.AssertionErrors.fail(AssertionErrors.java:61)
	at org.springframework.test.util.AssertionErrors.assertEquals(AssertionErrors.java:128)
	at org.springframework.test.web.servlet.result.StatusResultMatchers.lambda$matcher$9(StatusResultMatchers.java:640)
	at org.springframework.test.web.servlet.MockMvc$1.andExpect(MockMvc.java:214)
	at com.gb02.syumsvc.controller.FavControllerTest.setup(FavControllerTest.java:74)
	at java.base/java.lang.reflect.Method.invoke(Method.java:565)
	at java.base/java.util.ArrayList.forEach(ArrayList.java:1604)
	at java.base/java.util.ArrayList.forEach(ArrayList.java:1604)

[ERROR] com.gb02.syumsvc.controller.FavControllerTest.testUnfavSong_NotFound -- Time elapsed: 0.125 s <<< FAILURE!
java.lang.AssertionError: Status expected:<200> but was:<400>
	at org.springframework.test.util.AssertionErrors.fail(AssertionErrors.java:61)
	at org.springframework.test.util.AssertionErrors.assertEquals(AssertionErrors.java:128)
	at org.springframework.test.web.servlet.result.StatusResultMatchers.lambda$matcher$9(StatusResultMatchers.java:640)
	at org.springframework.test.web.servlet.MockMvc$1.andExpect(MockMvc.java:214)
	at com.gb02.syumsvc.controller.FavControllerTest.setup(FavControllerTest.java:74)
	at java.base/java.lang.reflect.Method.invoke(Method.java:565)
	at java.base/java.util.ArrayList.forEach(ArrayList.java:1604)
	at java.base/java.util.ArrayList.forEach(ArrayList.java:1604)

[ERROR] com.gb02.syumsvc.controller.FavControllerTest.testFavSong_Success -- Time elapsed: 0.133 s <<< FAILURE!
java.lang.AssertionError: Status expected:<200> but was:<400>
	at org.springframework.test.util.AssertionErrors.fail(AssertionErrors.java:61)
	at org.springframework.test.util.AssertionErrors.assertEquals(AssertionErrors.java:128)
	at org.springframework.test.web.servlet.result.StatusResultMatchers.lambda$matcher$9(StatusResultMatchers.java:640)
	at org.springframework.test.web.servlet.MockMvc$1.andExpect(MockMvc.java:214)
	at com.gb02.syumsvc.controller.FavControllerTest.setup(FavControllerTest.java:74)
	at java.base/java.lang.reflect.Method.invoke(Method.java:565)
	at java.base/java.util.ArrayList.forEach(ArrayList.java:1604)
	at java.base/java.util.ArrayList.forEach(ArrayList.java:1604)

[ERROR] com.gb02.syumsvc.controller.FavControllerTest.testUnfavAlbum_NotFound -- Time elapsed: 0.130 s <<< FAILURE!
java.lang.AssertionError: Status expected:<200> but was:<400>
	at org.springframework.test.util.AssertionErrors.fail(AssertionErrors.java:61)
	at org.springframework.test.util.AssertionErrors.assertEquals(AssertionErrors.java:128)
	at org.springframework.test.web.servlet.result.StatusResultMatchers.lambda$matcher$9(StatusResultMatchers.java:640)
	at org.springframework.test.web.servlet.MockMvc$1.andExpect(MockMvc.java:214)
	at com.gb02.syumsvc.controller.FavControllerTest.setup(FavControllerTest.java:74)
	at java.base/java.lang.reflect.Method.invoke(Method.java:565)
	at java.base/java.util.ArrayList.forEach(ArrayList.java:1604)
	at java.base/java.util.ArrayList.forEach(ArrayList.java:1604)

[ERROR] com.gb02.syumsvc.controller.FavControllerTest.testFavArtist_AlreadyExists -- Time elapsed: 0.121 s <<< FAILURE!
java.lang.AssertionError: Status expected:<200> but was:<400>
	at org.springframework.test.util.AssertionErrors.fail(AssertionErrors.java:61)
	at org.springframework.test.util.AssertionErrors.assertEquals(AssertionErrors.java:128)
	at org.springframework.test.web.servlet.result.StatusResultMatchers.lambda$matcher$9(StatusResultMatchers.java:640)
	at org.springframework.test.web.servlet.MockMvc$1.andExpect(MockMvc.java:214)
	at com.gb02.syumsvc.controller.FavControllerTest.setup(FavControllerTest.java:74)
	at java.base/java.lang.reflect.Method.invoke(Method.java:565)
	at java.base/java.util.ArrayList.forEach(ArrayList.java:1604)
	at java.base/java.util.ArrayList.forEach(ArrayList.java:1604)

[INFO] Running com.gb02.syumsvc.controller.SessionControllerTest
2025-11-14T19:01:33.816+01:00  INFO 40204 --- [syumsvc] [           main] t.c.s.AnnotationConfigContextLoaderUtils : Could not detect default configuration classes for test class [com.gb02.syumsvc.controller.SessionControllerTest]: SessionControllerTest does not declare any static, non-private, non-final, nested classes annotated with @Configuration.
2025-11-14T19:01:33.819+01:00  INFO 40204 --- [syumsvc] [           main] .b.t.c.SpringBootTestContextBootstrapper : Found @SpringBootConfiguration com.gb02.syumsvc.SyumsvcApplication for test class com.gb02.syumsvc.controller.SessionControllerTest
User registered successfully.

MockHttpServletRequest:
      HTTP Method = POST
      Request URI = /register
       Parameters = {}
          Headers = [Content-Type:"application/json;charset=UTF-8", Content-Length:"155"]
             Body = {
    "nick": "tses_43293820",
    "nombre": "Test",
    "apellido1": "User",
    "email": "tses_43293820@test.com",
    "contrasena": "testpassword123"
}

    Session Attrs = {}

Handler:
             Type = com.gb02.syumsvc.controller.SessionController
           Method = com.gb02.syumsvc.controller.SessionController#registerUser(Map)

Async:
    Async started = false
     Async result = null

Resolved Exception:
             Type = null

ModelAndView:
        View name = null
             View = null
            Model = null

FlashMap:
       Attributes = null

MockHttpServletResponse:
           Status = 200
    Error message = null
          Headers = [Vary:"Origin", "Access-Control-Request-Method", "Access-Control-Request-Headers", Content-Type:"application/json"]
     Content type = application/json
             Body = {"session_token":"ae2b17b28612a6e4dc41088b293d6f834a98911ef73c93bfbb552a3bcdeaf545f01fa0be0539d95679810cacce28ded571ba08ec9982a3f02733be2bd00d16b5","registered_user":{"nick":"tses_43293820","apellido2":null,"fechaReg":"2025-11-14","apellido1":"User","idUsuario":52,"idArtista":0,"contrasena":null,"nombre":"Test","email":"tses_43293820@test.com"}}
    Forwarded URL = null
   Redirected URL = null
          Cookies = []

MockHttpServletRequest:
      HTTP Method = POST
      Request URI = /login
       Parameters = {}
          Headers = [Content-Type:"application/json;charset=UTF-8", Content-Length:"71"]
             Body = {
    "username": "tses_43293820",
    "password": "testpassword123"
}

    Session Attrs = {}

Handler:
             Type = com.gb02.syumsvc.controller.SessionController
           Method = com.gb02.syumsvc.controller.SessionController#loginUser(Map)

Async:
    Async started = false
     Async result = null

Resolved Exception:
             Type = null

ModelAndView:
        View name = null
             View = null
            Model = null

FlashMap:
       Attributes = null

MockHttpServletResponse:
           Status = 400
    Error message = null
          Headers = [Vary:"Origin", "Access-Control-Request-Method", "Access-Control-Request-Headers", Content-Type:"application/json"]
     Content type = application/json
             Body = {"error":"Nick and password are required."}
    Forwarded URL = null
   Redirected URL = null
          Cookies = []
User registered successfully.

MockHttpServletRequest:
      HTTP Method = POST
      Request URI = /register
       Parameters = {}
          Headers = [Content-Type:"application/json;charset=UTF-8", Content-Length:"183"]
             Body = {
    "nick": "tses_43293973",
    "nombre": "Test",
    "apellido1": "User",
    "apellido2": "Session",
    "email": "tses_43293973@test.com",
    "contrasena": "testpassword123"
}

    Session Attrs = {}

Handler:
             Type = com.gb02.syumsvc.controller.SessionController
           Method = com.gb02.syumsvc.controller.SessionController#registerUser(Map)

Async:
    Async started = false
     Async result = null

Resolved Exception:
             Type = null

ModelAndView:
        View name = null
             View = null
            Model = null

FlashMap:
       Attributes = null

MockHttpServletResponse:
           Status = 200
    Error message = null
          Headers = [Vary:"Origin", "Access-Control-Request-Method", "Access-Control-Request-Headers", Content-Type:"application/json"]
     Content type = application/json
             Body = {"session_token":"c9725761c19530e6a2cc6584597e137705129cef36c008588e47d868fab58919f204f8969c2b0e61b6198c52d28ada8705d2a09e080f87238be7d9867594466d","registered_user":{"nick":"tses_43293973","apellido2":"Session","fechaReg":"2025-11-14","apellido1":"User","idUsuario":53,"idArtista":0,"contrasena":null,"nombre":"Test","email":"tses_43293973@test.com"}}
    Forwarded URL = null
   Redirected URL = null
          Cookies = []
User registered successfully.
PostgreSQL error inserting usuario: ERROR: value too long for type character varying(30)
org.postgresql.util.PSQLException: ERROR: value too long for type character varying(30)
	at org.postgresql.core.v3.QueryExecutorImpl.receiveErrorResponse(QueryExecutorImpl.java:2736)
	at org.postgresql.core.v3.QueryExecutorImpl.processResults(QueryExecutorImpl.java:2421)
	at org.postgresql.core.v3.QueryExecutorImpl.execute(QueryExecutorImpl.java:372)
	at org.postgresql.jdbc.PgStatement.executeInternal(PgStatement.java:525)
	at org.postgresql.jdbc.PgStatement.execute(PgStatement.java:435)
	at org.postgresql.jdbc.PgPreparedStatement.executeWithFlags(PgPreparedStatement.java:196)
	at org.postgresql.jdbc.PgPreparedStatement.executeUpdate(PgPreparedStatement.java:157)
	at com.gb02.syumsvc.model.dao.postgresql.PostgresqlUsuarioDAO.insertUsuario(PostgresqlUsuarioDAO.java:190)
	at com.gb02.syumsvc.model.dao.postgresql.PostgresqlTransactionFactory.registrarUsuario(PostgresqlTransactionFactory.java:40)
	at com.gb02.syumsvc.model.Model.registrarUsuario(Model.java:42)
	at com.gb02.syumsvc.controller.SessionController.registerUser(SessionController.java:52)
	at java.base/jdk.internal.reflect.DirectMethodHandleAccessor.invoke(DirectMethodHandleAccessor.java:104)
	at java.base/java.lang.reflect.Method.invoke(Method.java:565)
	at org.springframework.web.method.support.InvocableHandlerMethod.doInvoke(InvocableHandlerMethod.java:258)
	at org.springframework.web.method.support.InvocableHandlerMethod.invokeForRequest(InvocableHandlerMethod.java:191)
	at org.springframework.web.servlet.mvc.method.annotation.ServletInvocableHandlerMethod.invokeAndHandle(ServletInvocableHandlerMethod.java:118)
	at org.springframework.web.servlet.mvc.method.annotation.RequestMappingHandlerAdapter.invokeHandlerMethod(RequestMappingHandlerAdapter.java:991)
	at org.springframework.web.servlet.mvc.method.annotation.RequestMappingHandlerAdapter.handleInternal(RequestMappingHandlerAdapter.java:896)
	at org.springframework.web.servlet.mvc.method.AbstractHandlerMethodAdapter.handle(AbstractHandlerMethodAdapter.java:87)
	at org.springframework.web.servlet.DispatcherServlet.doDispatch(DispatcherServlet.java:1089)
	at org.springframework.web.servlet.DispatcherServlet.doService(DispatcherServlet.java:979)
	at org.springframework.web.servlet.FrameworkServlet.processRequest(FrameworkServlet.java:1014)
	at org.springframework.web.servlet.FrameworkServlet.doPost(FrameworkServlet.java:914)
	at jakarta.servlet.http.HttpServlet.service(HttpServlet.java:590)
	at org.springframework.web.servlet.FrameworkServlet.service(FrameworkServlet.java:885)
	at org.springframework.test.web.servlet.TestDispatcherServlet.service(TestDispatcherServlet.java:72)
	at jakarta.servlet.http.HttpServlet.service(HttpServlet.java:658)
	at org.springframework.mock.web.MockFilterChain$ServletFilterProxy.doFilter(MockFilterChain.java:165)
	at org.springframework.mock.web.MockFilterChain.doFilter(MockFilterChain.java:132)
	at org.springframework.web.filter.RequestContextFilter.doFilterInternal(RequestContextFilter.java:100)
	at org.springframework.web.filter.OncePerRequestFilter.doFilter(OncePerRequestFilter.java:116)
	at org.springframework.test.web.servlet.setup.MockMvcFilterDecorator.doFilter(MockMvcFilterDecorator.java:162)
	at org.springframework.mock.web.MockFilterChain.doFilter(MockFilterChain.java:132)
	at org.springframework.web.filter.FormContentFilter.doFilterInternal(FormContentFilter.java:93)
	at org.springframework.web.filter.OncePerRequestFilter.doFilter(OncePerRequestFilter.java:116)
	at org.springframework.test.web.servlet.setup.MockMvcFilterDecorator.doFilter(MockMvcFilterDecorator.java:162)
	at org.springframework.mock.web.MockFilterChain.doFilter(MockFilterChain.java:132)
	at org.springframework.web.filter.CharacterEncodingFilter.doFilterInternal(CharacterEncodingFilter.java:201)
	at org.springframework.web.filter.OncePerRequestFilter.doFilter(OncePerRequestFilter.java:116)
	at org.springframework.test.web.servlet.setup.MockMvcFilterDecorator.doFilter(MockMvcFilterDecorator.java:162)
	at org.springframework.mock.web.MockFilterChain.doFilter(MockFilterChain.java:132)
	at org.springframework.test.web.servlet.MockMvc.perform(MockMvc.java:201)
	at com.gb02.syumsvc.controller.SessionControllerTest.testRegisterUser_DuplicateUsername(SessionControllerTest.java:100)
	at java.base/jdk.internal.reflect.DirectMethodHandleAccessor.invoke(DirectMethodHandleAccessor.java:104)
	at java.base/java.lang.reflect.Method.invoke(Method.java:565)
	at org.junit.platform.commons.util.ReflectionUtils.invokeMethod(ReflectionUtils.java:775)
	at org.junit.platform.commons.support.ReflectionSupport.invokeMethod(ReflectionSupport.java:479)
	at org.junit.jupiter.engine.execution.MethodInvocation.proceed(MethodInvocation.java:60)
	at org.junit.jupiter.engine.execution.InvocationInterceptorChain$ValidatingInvocation.proceed(InvocationInterceptorChain.java:131)
	at org.junit.jupiter.engine.extension.TimeoutExtension.intercept(TimeoutExtension.java:161)
	at org.junit.jupiter.engine.extension.TimeoutExtension.interceptTestableMethod(TimeoutExtension.java:152)
	at org.junit.jupiter.engine.extension.TimeoutExtension.interceptTestMethod(TimeoutExtension.java:91)
	at org.junit.jupiter.engine.execution.InterceptingExecutableInvoker$ReflectiveInterceptorCall.lambda$ofVoidMethod$0(InterceptingExecutableInvoker.java:112)
	at org.junit.jupiter.engine.execution.InterceptingExecutableInvoker.lambda$invoke$0(InterceptingExecutableInvoker.java:94)
	at org.junit.jupiter.engine.execution.InvocationInterceptorChain$InterceptedInvocation.proceed(InvocationInterceptorChain.java:106)
	at org.junit.jupiter.engine.execution.InvocationInterceptorChain.proceed(InvocationInterceptorChain.java:64)
	at org.junit.jupiter.engine.execution.InvocationInterceptorChain.chainAndInvoke(InvocationInterceptorChain.java:45)
	at org.junit.jupiter.engine.execution.InvocationInterceptorChain.invoke(InvocationInterceptorChain.java:37)
	at org.junit.jupiter.engine.execution.InterceptingExecutableInvoker.invoke(InterceptingExecutableInvoker.java:93)
	at org.junit.jupiter.engine.execution.InterceptingExecutableInvoker.invoke(InterceptingExecutableInvoker.java:87)
	at org.junit.jupiter.engine.descriptor.TestMethodTestDescriptor.lambda$invokeTestMethod$7(TestMethodTestDescriptor.java:216)
	at org.junit.platform.engine.support.hierarchical.ThrowableCollector.execute(ThrowableCollector.java:73)
	at org.junit.jupiter.engine.descriptor.TestMethodTestDescriptor.invokeTestMethod(TestMethodTestDescriptor.java:212)
	at org.junit.jupiter.engine.descriptor.TestMethodTestDescriptor.execute(TestMethodTestDescriptor.java:137)
	at org.junit.jupiter.engine.descriptor.TestMethodTestDescriptor.execute(TestMethodTestDescriptor.java:69)
	at org.junit.platform.engine.support.hierarchical.NodeTestTask.lambda$executeRecursively$6(NodeTestTask.java:156)
	at org.junit.platform.engine.support.hierarchical.ThrowableCollector.execute(ThrowableCollector.java:73)
	at org.junit.platform.engine.support.hierarchical.NodeTestTask.lambda$executeRecursively$8(NodeTestTask.java:146)
	at org.junit.platform.engine.support.hierarchical.Node.around(Node.java:137)
	at org.junit.platform.engine.support.hierarchical.NodeTestTask.lambda$executeRecursively$9(NodeTestTask.java:144)
	at org.junit.platform.engine.support.hierarchical.ThrowableCollector.execute(ThrowableCollector.java:73)
	at org.junit.platform.engine.support.hierarchical.NodeTestTask.executeRecursively(NodeTestTask.java:143)
	at org.junit.platform.engine.support.hierarchical.NodeTestTask.execute(NodeTestTask.java:100)
	at java.base/java.util.ArrayList.forEach(ArrayList.java:1604)
	at org.junit.platform.engine.support.hierarchical.SameThreadHierarchicalTestExecutorService.invokeAll(SameThreadHierarchicalTestExecutorService.java:41)
	at org.junit.platform.engine.support.hierarchical.NodeTestTask.lambda$executeRecursively$6(NodeTestTask.java:160)
	at org.junit.platform.engine.support.hierarchical.ThrowableCollector.execute(ThrowableCollector.java:73)
	at org.junit.platform.engine.support.hierarchical.NodeTestTask.lambda$executeRecursively$8(NodeTestTask.java:146)
	at org.junit.platform.engine.support.hierarchical.Node.around(Node.java:137)
	at org.junit.platform.engine.support.hierarchical.NodeTestTask.lambda$executeRecursively$9(NodeTestTask.java:144)
	at org.junit.platform.engine.support.hierarchical.ThrowableCollector.execute(ThrowableCollector.java:73)
	at org.junit.platform.engine.support.hierarchical.NodeTestTask.executeRecursively(NodeTestTask.java:143)
	at org.junit.platform.engine.support.hierarchical.NodeTestTask.execute(NodeTestTask.java:100)
	at java.base/java.util.ArrayList.forEach(ArrayList.java:1604)
	at org.junit.platform.engine.support.hierarchical.SameThreadHierarchicalTestExecutorService.invokeAll(SameThreadHierarchicalTestExecutorService.java:41)
	at org.junit.platform.engine.support.hierarchical.NodeTestTask.lambda$executeRecursively$6(NodeTestTask.java:160)
	at org.junit.platform.engine.support.hierarchical.ThrowableCollector.execute(ThrowableCollector.java:73)
	at org.junit.platform.engine.support.hierarchical.NodeTestTask.lambda$executeRecursively$8(NodeTestTask.java:146)
	at org.junit.platform.engine.support.hierarchical.Node.around(Node.java:137)
	at org.junit.platform.engine.support.hierarchical.NodeTestTask.lambda$executeRecursively$9(NodeTestTask.java:144)
	at org.junit.platform.engine.support.hierarchical.ThrowableCollector.execute(ThrowableCollector.java:73)
	at org.junit.platform.engine.support.hierarchical.NodeTestTask.executeRecursively(NodeTestTask.java:143)
	at org.junit.platform.engine.support.hierarchical.NodeTestTask.execute(NodeTestTask.java:100)
	at org.junit.platform.engine.support.hierarchical.SameThreadHierarchicalTestExecutorService.submit(SameThreadHierarchicalTestExecutorService.java:35)
	at org.junit.platform.engine.support.hierarchical.HierarchicalTestExecutor.execute(HierarchicalTestExecutor.java:57)
	at org.junit.platform.engine.support.hierarchical.HierarchicalTestEngine.execute(HierarchicalTestEngine.java:54)
	at org.junit.platform.launcher.core.EngineExecutionOrchestrator.execute(EngineExecutionOrchestrator.java:201)
	at org.junit.platform.launcher.core.EngineExecutionOrchestrator.execute(EngineExecutionOrchestrator.java:170)
	at org.junit.platform.launcher.core.EngineExecutionOrchestrator.execute(EngineExecutionOrchestrator.java:94)
	at org.junit.platform.launcher.core.EngineExecutionOrchestrator.lambda$execute$0(EngineExecutionOrchestrator.java:59)
	at org.junit.platform.launcher.core.EngineExecutionOrchestrator.withInterceptedStreams(EngineExecutionOrchestrator.java:142)
	at org.junit.platform.launcher.core.EngineExecutionOrchestrator.execute(EngineExecutionOrchestrator.java:58)
	at org.junit.platform.launcher.core.DefaultLauncher.execute(DefaultLauncher.java:103)
	at org.junit.platform.launcher.core.DefaultLauncher.execute(DefaultLauncher.java:85)
	at org.junit.platform.launcher.core.DelegatingLauncher.execute(DelegatingLauncher.java:47)
	at org.junit.platform.launcher.core.InterceptingLauncher.lambda$execute$1(InterceptingLauncher.java:39)
	at org.junit.platform.launcher.core.ClasspathAlignmentCheckingLauncherInterceptor.intercept(ClasspathAlignmentCheckingLauncherInterceptor.java:25)
	at org.junit.platform.launcher.core.InterceptingLauncher.execute(InterceptingLauncher.java:38)
	at org.junit.platform.launcher.core.DelegatingLauncher.execute(DelegatingLauncher.java:47)
	at org.apache.maven.surefire.junitplatform.LauncherAdapter.executeWithoutCancellationToken(LauncherAdapter.java:60)
	at org.apache.maven.surefire.junitplatform.LauncherAdapter.execute(LauncherAdapter.java:52)
	at org.apache.maven.surefire.junitplatform.JUnitPlatformProvider.execute(JUnitPlatformProvider.java:203)
	at org.apache.maven.surefire.junitplatform.JUnitPlatformProvider.invokeAllTests(JUnitPlatformProvider.java:168)
	at org.apache.maven.surefire.junitplatform.JUnitPlatformProvider.invoke(JUnitPlatformProvider.java:136)
	at org.apache.maven.surefire.booter.ForkedBooter.runSuitesInProcess(ForkedBooter.java:385)
	at org.apache.maven.surefire.booter.ForkedBooter.execute(ForkedBooter.java:162)
	at org.apache.maven.surefire.booter.ForkedBooter.run(ForkedBooter.java:507)
	at org.apache.maven.surefire.booter.ForkedBooter.main(ForkedBooter.java:495)
Unexpected error during registration: Unexpected error while registering user: Unexpected error inserting usuario: ERROR: value too long for type character 
varying(30)
com.gb02.syumsvc.exceptions.UnexpectedErrorException: Unexpected error while registering user: Unexpected error inserting usuario: ERROR: value too long for 
type character varying(30)
	at com.gb02.syumsvc.model.dao.postgresql.PostgresqlTransactionFactory.registrarUsuario(PostgresqlTransactionFactory.java:58)
	at com.gb02.syumsvc.model.Model.registrarUsuario(Model.java:42)
	at com.gb02.syumsvc.controller.SessionController.registerUser(SessionController.java:52)
	at java.base/jdk.internal.reflect.DirectMethodHandleAccessor.invoke(DirectMethodHandleAccessor.java:104)
	at java.base/java.lang.reflect.Method.invoke(Method.java:565)
	at org.springframework.web.method.support.InvocableHandlerMethod.doInvoke(InvocableHandlerMethod.java:258)
	at org.springframework.web.method.support.InvocableHandlerMethod.invokeForRequest(InvocableHandlerMethod.java:191)
	at org.springframework.web.servlet.mvc.method.annotation.ServletInvocableHandlerMethod.invokeAndHandle(ServletInvocableHandlerMethod.java:118)
	at org.springframework.web.servlet.mvc.method.annotation.RequestMappingHandlerAdapter.invokeHandlerMethod(RequestMappingHandlerAdapter.java:991)
	at org.springframework.web.servlet.mvc.method.annotation.RequestMappingHandlerAdapter.handleInternal(RequestMappingHandlerAdapter.java:896)
	at org.springframework.web.servlet.mvc.method.AbstractHandlerMethodAdapter.handle(AbstractHandlerMethodAdapter.java:87)
	at org.springframework.web.servlet.DispatcherServlet.doDispatch(DispatcherServlet.java:1089)
	at org.springframework.web.servlet.DispatcherServlet.doService(DispatcherServlet.java:979)
	at org.springframework.web.servlet.FrameworkServlet.processRequest(FrameworkServlet.java:1014)
	at org.springframework.web.servlet.FrameworkServlet.doPost(FrameworkServlet.java:914)
	at jakarta.servlet.http.HttpServlet.service(HttpServlet.java:590)
	at org.springframework.web.servlet.FrameworkServlet.service(FrameworkServlet.java:885)
	at org.springframework.test.web.servlet.TestDispatcherServlet.service(TestDispatcherServlet.java:72)
	at jakarta.servlet.http.HttpServlet.service(HttpServlet.java:658)
	at org.springframework.mock.web.MockFilterChain$ServletFilterProxy.doFilter(MockFilterChain.java:165)
	at org.springframework.mock.web.MockFilterChain.doFilter(MockFilterChain.java:132)
	at org.springframework.web.filter.RequestContextFilter.doFilterInternal(RequestContextFilter.java:100)
	at org.springframework.web.filter.OncePerRequestFilter.doFilter(OncePerRequestFilter.java:116)
	at org.springframework.test.web.servlet.setup.MockMvcFilterDecorator.doFilter(MockMvcFilterDecorator.java:162)
	at org.springframework.mock.web.MockFilterChain.doFilter(MockFilterChain.java:132)
	at org.springframework.web.filter.FormContentFilter.doFilterInternal(FormContentFilter.java:93)
	at org.springframework.web.filter.OncePerRequestFilter.doFilter(OncePerRequestFilter.java:116)
	at org.springframework.test.web.servlet.setup.MockMvcFilterDecorator.doFilter(MockMvcFilterDecorator.java:162)
	at org.springframework.mock.web.MockFilterChain.doFilter(MockFilterChain.java:132)
	at org.springframework.web.filter.CharacterEncodingFilter.doFilterInternal(CharacterEncodingFilter.java:201)
	at org.springframework.web.filter.OncePerRequestFilter.doFilter(OncePerRequestFilter.java:116)
	at org.springframework.test.web.servlet.setup.MockMvcFilterDecorator.doFilter(MockMvcFilterDecorator.java:162)
	at org.springframework.mock.web.MockFilterChain.doFilter(MockFilterChain.java:132)
	at org.springframework.test.web.servlet.MockMvc.perform(MockMvc.java:201)
	at com.gb02.syumsvc.controller.SessionControllerTest.testRegisterUser_DuplicateUsername(SessionControllerTest.java:100)
	at java.base/jdk.internal.reflect.DirectMethodHandleAccessor.invoke(DirectMethodHandleAccessor.java:104)
	at java.base/java.lang.reflect.Method.invoke(Method.java:565)
	at org.junit.platform.commons.util.ReflectionUtils.invokeMethod(ReflectionUtils.java:775)
	at org.junit.platform.commons.support.ReflectionSupport.invokeMethod(ReflectionSupport.java:479)
	at org.junit.jupiter.engine.execution.MethodInvocation.proceed(MethodInvocation.java:60)
	at org.junit.jupiter.engine.execution.InvocationInterceptorChain$ValidatingInvocation.proceed(InvocationInterceptorChain.java:131)
	at org.junit.jupiter.engine.extension.TimeoutExtension.intercept(TimeoutExtension.java:161)
	at org.junit.jupiter.engine.extension.TimeoutExtension.interceptTestableMethod(TimeoutExtension.java:152)
	at org.junit.jupiter.engine.extension.TimeoutExtension.interceptTestMethod(TimeoutExtension.java:91)
	at org.junit.jupiter.engine.execution.InterceptingExecutableInvoker$ReflectiveInterceptorCall.lambda$ofVoidMethod$0(InterceptingExecutableInvoker.java:112)
	at org.junit.jupiter.engine.execution.InterceptingExecutableInvoker.lambda$invoke$0(InterceptingExecutableInvoker.java:94)
	at org.junit.jupiter.engine.execution.InvocationInterceptorChain$InterceptedInvocation.proceed(InvocationInterceptorChain.java:106)
	at org.junit.jupiter.engine.execution.InvocationInterceptorChain.proceed(InvocationInterceptorChain.java:64)
	at org.junit.jupiter.engine.execution.InvocationInterceptorChain.chainAndInvoke(InvocationInterceptorChain.java:45)
	at org.junit.jupiter.engine.execution.InvocationInterceptorChain.invoke(InvocationInterceptorChain.java:37)
	at org.junit.jupiter.engine.execution.InterceptingExecutableInvoker.invoke(InterceptingExecutableInvoker.java:93)
	at org.junit.jupiter.engine.execution.InterceptingExecutableInvoker.invoke(InterceptingExecutableInvoker.java:87)
	at org.junit.jupiter.engine.descriptor.TestMethodTestDescriptor.lambda$invokeTestMethod$7(TestMethodTestDescriptor.java:216)
	at org.junit.platform.engine.support.hierarchical.ThrowableCollector.execute(ThrowableCollector.java:73)
	at org.junit.jupiter.engine.descriptor.TestMethodTestDescriptor.invokeTestMethod(TestMethodTestDescriptor.java:212)
	at org.junit.jupiter.engine.descriptor.TestMethodTestDescriptor.execute(TestMethodTestDescriptor.java:137)
	at org.junit.jupiter.engine.descriptor.TestMethodTestDescriptor.execute(TestMethodTestDescriptor.java:69)
	at org.junit.platform.engine.support.hierarchical.NodeTestTask.lambda$executeRecursively$6(NodeTestTask.java:156)
	at org.junit.platform.engine.support.hierarchical.ThrowableCollector.execute(ThrowableCollector.java:73)
	at org.junit.platform.engine.support.hierarchical.NodeTestTask.lambda$executeRecursively$8(NodeTestTask.java:146)
	at org.junit.platform.engine.support.hierarchical.Node.around(Node.java:137)
	at org.junit.platform.engine.support.hierarchical.NodeTestTask.lambda$executeRecursively$9(NodeTestTask.java:144)
	at org.junit.platform.engine.support.hierarchical.ThrowableCollector.execute(ThrowableCollector.java:73)
	at org.junit.platform.engine.support.hierarchical.NodeTestTask.executeRecursively(NodeTestTask.java:143)
	at org.junit.platform.engine.support.hierarchical.NodeTestTask.execute(NodeTestTask.java:100)
	at java.base/java.util.ArrayList.forEach(ArrayList.java:1604)
	at org.junit.platform.engine.support.hierarchical.SameThreadHierarchicalTestExecutorService.invokeAll(SameThreadHierarchicalTestExecutorService.java:41)
	at org.junit.platform.engine.support.hierarchical.NodeTestTask.lambda$executeRecursively$6(NodeTestTask.java:160)
	at org.junit.platform.engine.support.hierarchical.ThrowableCollector.execute(ThrowableCollector.java:73)
	at org.junit.platform.engine.support.hierarchical.NodeTestTask.lambda$executeRecursively$8(NodeTestTask.java:146)
	at org.junit.platform.engine.support.hierarchical.Node.around(Node.java:137)
	at org.junit.platform.engine.support.hierarchical.NodeTestTask.lambda$executeRecursively$9(NodeTestTask.java:144)
	at org.junit.platform.engine.support.hierarchical.ThrowableCollector.execute(ThrowableCollector.java:73)
	at org.junit.platform.engine.support.hierarchical.NodeTestTask.executeRecursively(NodeTestTask.java:143)
	at org.junit.platform.engine.support.hierarchical.NodeTestTask.execute(NodeTestTask.java:100)
	at java.base/java.util.ArrayList.forEach(ArrayList.java:1604)
	at org.junit.platform.engine.support.hierarchical.SameThreadHierarchicalTestExecutorService.invokeAll(SameThreadHierarchicalTestExecutorService.java:41)
	at org.junit.platform.engine.support.hierarchical.NodeTestTask.lambda$executeRecursively$6(NodeTestTask.java:160)
	at org.junit.platform.engine.support.hierarchical.ThrowableCollector.execute(ThrowableCollector.java:73)
	at org.junit.platform.engine.support.hierarchical.NodeTestTask.lambda$executeRecursively$8(NodeTestTask.java:146)
	at org.junit.platform.engine.support.hierarchical.Node.around(Node.java:137)
	at org.junit.platform.engine.support.hierarchical.NodeTestTask.lambda$executeRecursively$9(NodeTestTask.java:144)
	at org.junit.platform.engine.support.hierarchical.ThrowableCollector.execute(ThrowableCollector.java:73)
	at org.junit.platform.engine.support.hierarchical.NodeTestTask.executeRecursively(NodeTestTask.java:143)
	at org.junit.platform.engine.support.hierarchical.NodeTestTask.execute(NodeTestTask.java:100)
	at org.junit.platform.engine.support.hierarchical.SameThreadHierarchicalTestExecutorService.submit(SameThreadHierarchicalTestExecutorService.java:35)
	at org.junit.platform.engine.support.hierarchical.HierarchicalTestExecutor.execute(HierarchicalTestExecutor.java:57)
	at org.junit.platform.engine.support.hierarchical.HierarchicalTestEngine.execute(HierarchicalTestEngine.java:54)
	at org.junit.platform.launcher.core.EngineExecutionOrchestrator.execute(EngineExecutionOrchestrator.java:201)
	at org.junit.platform.launcher.core.EngineExecutionOrchestrator.execute(EngineExecutionOrchestrator.java:170)
	at org.junit.platform.launcher.core.EngineExecutionOrchestrator.execute(EngineExecutionOrchestrator.java:94)
	at org.junit.platform.launcher.core.EngineExecutionOrchestrator.lambda$execute$0(EngineExecutionOrchestrator.java:59)
	at org.junit.platform.launcher.core.EngineExecutionOrchestrator.withInterceptedStreams(EngineExecutionOrchestrator.java:142)
	at org.junit.platform.launcher.core.EngineExecutionOrchestrator.execute(EngineExecutionOrchestrator.java:58)
	at org.junit.platform.launcher.core.DefaultLauncher.execute(DefaultLauncher.java:103)
	at org.junit.platform.launcher.core.DefaultLauncher.execute(DefaultLauncher.java:85)
	at org.junit.platform.launcher.core.DelegatingLauncher.execute(DelegatingLauncher.java:47)
	at org.junit.platform.launcher.core.InterceptingLauncher.lambda$execute$1(InterceptingLauncher.java:39)
	at org.junit.platform.launcher.core.ClasspathAlignmentCheckingLauncherInterceptor.intercept(ClasspathAlignmentCheckingLauncherInterceptor.java:25)
	at org.junit.platform.launcher.core.InterceptingLauncher.execute(InterceptingLauncher.java:38)
	at org.junit.platform.launcher.core.DelegatingLauncher.execute(DelegatingLauncher.java:47)
	at org.apache.maven.surefire.junitplatform.LauncherAdapter.executeWithoutCancellationToken(LauncherAdapter.java:60)
	at org.apache.maven.surefire.junitplatform.LauncherAdapter.execute(LauncherAdapter.java:52)
	at org.apache.maven.surefire.junitplatform.JUnitPlatformProvider.execute(JUnitPlatformProvider.java:203)
	at org.apache.maven.surefire.junitplatform.JUnitPlatformProvider.invokeAllTests(JUnitPlatformProvider.java:168)
	at org.apache.maven.surefire.junitplatform.JUnitPlatformProvider.invoke(JUnitPlatformProvider.java:136)
	at org.apache.maven.surefire.booter.ForkedBooter.runSuitesInProcess(ForkedBooter.java:385)
	at org.apache.maven.surefire.booter.ForkedBooter.execute(ForkedBooter.java:162)
	at org.apache.maven.surefire.booter.ForkedBooter.run(ForkedBooter.java:507)
	at org.apache.maven.surefire.booter.ForkedBooter.main(ForkedBooter.java:495)

MockHttpServletRequest:
      HTTP Method = POST
      Request URI = /register
       Parameters = {}
          Headers = [Content-Type:"application/json;charset=UTF-8", Content-Length:"155"]
             Body = {
    "nick": "tses_43294121",
    "nombre": "Test",
    "apellido1": "User",
    "email": "tses_43294121@test.com",
    "contrasena": "testpassword123"
}

    Session Attrs = {}

Handler:
             Type = com.gb02.syumsvc.controller.SessionController
           Method = com.gb02.syumsvc.controller.SessionController#registerUser(Map)

Async:
    Async started = false
     Async result = null

Resolved Exception:
             Type = null

ModelAndView:
        View name = null
             View = null
            Model = null

FlashMap:
       Attributes = null

MockHttpServletResponse:
           Status = 200
    Error message = null
          Headers = [Vary:"Origin", "Access-Control-Request-Method", "Access-Control-Request-Headers", Content-Type:"application/json"]
     Content type = application/json
             Body = {"session_token":"d47afb09914e5f51e3152108aa737ce34e40a25fa7758f0cf3668fa35e7bfe005ba0e3aea8818fea3749d780f23bc0bca4e134c434954cc2632010637e320562","registered_user":{"nick":"tses_43294121","apellido2":null,"fechaReg":"2025-11-14","apellido1":"User","idUsuario":54,"idArtista":0,"contrasena":null,"nombre":"Test","email":"tses_43294121@test.com"}}
    Forwarded URL = null
   Redirected URL = null
          Cookies = []

MockHttpServletRequest:
      HTTP Method = POST
      Request URI = /register
       Parameters = {}
          Headers = [Content-Type:"application/json;charset=UTF-8", Content-Length:"167"]
             Body = {
    "nick": "tses_43294121",
    "nombre": "Test2",
    "apellido1": "User2",
    "email": "different_tses_43294121@test.com",
    "contrasena": "testpassword123"
}

    Session Attrs = {}

Handler:
             Type = com.gb02.syumsvc.controller.SessionController
           Method = com.gb02.syumsvc.controller.SessionController#registerUser(Map)

Async:
    Async started = false
     Async result = null

Resolved Exception:
             Type = null

ModelAndView:
        View name = null
             View = null
            Model = null

FlashMap:
       Attributes = null

MockHttpServletResponse:
           Status = 500
    Error message = null
          Headers = [Vary:"Origin", "Access-Control-Request-Method", "Access-Control-Request-Headers", Content-Type:"application/json"]
     Content type = application/json
             Body = {"error":"An unknown error occurred during registration."}
    Forwarded URL = null
   Redirected URL = null
          Cookies = []

MockHttpServletRequest:
      HTTP Method = POST
      Request URI = /login
       Parameters = {}
          Headers = [Content-Type:"application/json;charset=UTF-8", Content-Length:"85"]
             Body = {
    "username": "nonexistentuser_1763143294316",
    "password": "wrongpassword"
}

    Session Attrs = {}

Handler:
             Type = com.gb02.syumsvc.controller.SessionController
           Method = com.gb02.syumsvc.controller.SessionController#loginUser(Map)

Async:
    Async started = false
     Async result = null

Resolved Exception:
             Type = null

ModelAndView:
        View name = null
             View = null
            Model = null

FlashMap:
       Attributes = null

MockHttpServletResponse:
           Status = 400
    Error message = null
          Headers = [Vary:"Origin", "Access-Control-Request-Method", "Access-Control-Request-Headers", Content-Type:"application/json"]
     Content type = application/json
             Body = {"error":"Nick and password are required."}
    Forwarded URL = null
   Redirected URL = null
          Cookies = []
User registered successfully.

MockHttpServletRequest:
      HTTP Method = POST
      Request URI = /register
       Parameters = {}
          Headers = [Content-Type:"application/json;charset=UTF-8", Content-Length:"155"]
             Body = {
    "nick": "tses_43294319",
    "nombre": "Test",
    "apellido1": "User",
    "email": "tses_43294319@test.com",
    "contrasena": "testpassword123"
}

    Session Attrs = {}

Handler:
             Type = com.gb02.syumsvc.controller.SessionController
           Method = com.gb02.syumsvc.controller.SessionController#registerUser(Map)

Async:
    Async started = false
     Async result = null

Resolved Exception:
             Type = null

ModelAndView:
        View name = null
             View = null
            Model = null

FlashMap:
       Attributes = null

MockHttpServletResponse:
           Status = 200
    Error message = null
          Headers = [Vary:"Origin", "Access-Control-Request-Method", "Access-Control-Request-Headers", Content-Type:"application/json"]
     Content type = application/json
             Body = {"session_token":"a3a5eb1cf919418a8a4bc1947067dd5165e034e92135dde5057913acf4116b3a1a3342728ea22ab19be91c6eb3fa8ae56097c280e1bff3db8564e93833331f08","registered_user":{"nick":"tses_43294319","apellido2":null,"fechaReg":"2025-11-14","apellido1":"User","idUsuario":55,"idArtista":0,"contrasena":null,"nombre":"Test","email":"tses_43294319@test.com"}}
    Forwarded URL = null
   Redirected URL = null
          Cookies = []

MockHttpServletRequest:
      HTTP Method = POST
      Request URI = /login
       Parameters = {}
          Headers = [Content-Type:"application/json;charset=UTF-8", Content-Length:"71"]
             Body = {
    "username": "tses_43294319",
    "password": "testpassword123"
}

    Session Attrs = {}

Handler:
             Type = com.gb02.syumsvc.controller.SessionController
           Method = com.gb02.syumsvc.controller.SessionController#loginUser(Map)

Async:
    Async started = false
     Async result = null

Resolved Exception:
             Type = null

ModelAndView:
        View name = null
             View = null
            Model = null

FlashMap:
       Attributes = null

MockHttpServletResponse:
           Status = 400
    Error message = null
          Headers = [Vary:"Origin", "Access-Control-Request-Method", "Access-Control-Request-Headers", Content-Type:"application/json"]
     Content type = application/json
             Body = {"error":"Nick and password are required."}
    Forwarded URL = null
   Redirected URL = null
          Cookies = []
User registered successfully.

MockHttpServletRequest:
      HTTP Method = POST
      Request URI = /register
       Parameters = {}
          Headers = [Content-Type:"application/json;charset=UTF-8", Content-Length:"155"]
             Body = {
    "nick": "tses_43294528",
    "nombre": "Test",
    "apellido1": "User",
    "email": "tses_43294528@test.com",
    "contrasena": "testpassword123"
}

    Session Attrs = {}

Handler:
             Type = com.gb02.syumsvc.controller.SessionController
           Method = com.gb02.syumsvc.controller.SessionController#registerUser(Map)

Async:
    Async started = false
     Async result = null

Resolved Exception:
             Type = null

ModelAndView:
        View name = null
             View = null
            Model = null

FlashMap:
       Attributes = null

MockHttpServletResponse:
           Status = 200
    Error message = null
          Headers = [Vary:"Origin", "Access-Control-Request-Method", "Access-Control-Request-Headers", Content-Type:"application/json"]
     Content type = application/json
             Body = {"session_token":"d3498812cbfbfdf30c30cc378c8dd6d0e2aee97461e6e847c25ebd0fee84008f7fc8781dbbca24db7d41137ee2809d4169a35928902ea500dca43ef097169b64","registered_user":{"nick":"tses_43294528","apellido2":null,"fechaReg":"2025-11-14","apellido1":"User","idUsuario":56,"idArtista":0,"contrasena":null,"nombre":"Test","email":"tses_43294528@test.com"}}
    Forwarded URL = null
   Redirected URL = null
          Cookies = []

MockHttpServletRequest:
      HTTP Method = POST
      Request URI = /login
       Parameters = {}
          Headers = [Content-Type:"application/json;charset=UTF-8", Content-Length:"71"]
             Body = {
    "username": "tses_43294528",
    "password": "testpassword123"
}

    Session Attrs = {}

Handler:
             Type = com.gb02.syumsvc.controller.SessionController
           Method = com.gb02.syumsvc.controller.SessionController#loginUser(Map)

Async:
    Async started = false
     Async result = null

Resolved Exception:
             Type = null

ModelAndView:
        View name = null
             View = null
            Model = null

FlashMap:
       Attributes = null

MockHttpServletResponse:
           Status = 400
    Error message = null
          Headers = [Vary:"Origin", "Access-Control-Request-Method", "Access-Control-Request-Headers", Content-Type:"application/json"]
     Content type = application/json
             Body = {"error":"Nick and password are required."}
    Forwarded URL = null
   Redirected URL = null
          Cookies = []
[ERROR] Tests run: 8, Failures: 6, Errors: 0, Skipped: 0, Time elapsed: 0.840 s <<< FAILURE! -- in com.gb02.syumsvc.controller.SessionControllerTest
[ERROR] com.gb02.syumsvc.controller.SessionControllerTest.testLogin_Success -- Time elapsed: 0.152 s <<< FAILURE!
java.lang.AssertionError: Status expected:<200> but was:<400>
	at org.springframework.test.util.AssertionErrors.fail(AssertionErrors.java:61)
	at org.springframework.test.util.AssertionErrors.assertEquals(AssertionErrors.java:128)
	at org.springframework.test.web.servlet.result.StatusResultMatchers.lambda$matcher$9(StatusResultMatchers.java:640)
	at org.springframework.test.web.servlet.MockMvc$1.andExpect(MockMvc.java:214)
	at com.gb02.syumsvc.controller.SessionControllerTest.testLogin_Success(SessionControllerTest.java:136)
	at java.base/java.lang.reflect.Method.invoke(Method.java:565)
	at java.base/java.util.ArrayList.forEach(ArrayList.java:1604)
	at java.base/java.util.ArrayList.forEach(ArrayList.java:1604)

[ERROR] com.gb02.syumsvc.controller.SessionControllerTest.testRegisterUser_Success -- Time elapsed: 0.148 s <<< FAILURE!
java.lang.AssertionError: No value at JSON path "$.nick"
	at org.springframework.test.util.JsonPathExpectationsHelper.evaluateJsonPath(JsonPathExpectationsHelper.java:351)
	at org.springframework.test.util.JsonPathExpectationsHelper.assertValue(JsonPathExpectationsHelper.java:148)
	at org.springframework.test.web.servlet.result.JsonPathResultMatchers.lambda$value$2(JsonPathResultMatchers.java:112)
	at org.springframework.test.web.servlet.MockMvc$1.andExpect(MockMvc.java:214)
	at com.gb02.syumsvc.controller.SessionControllerTest.testRegisterUser_Success(SessionControllerTest.java:67)
	at java.base/java.lang.reflect.Method.invoke(Method.java:565)
	at java.base/java.util.ArrayList.forEach(ArrayList.java:1604)
	at java.base/java.util.ArrayList.forEach(ArrayList.java:1604)
Caused by: com.jayway.jsonpath.PathNotFoundException: No results for path: $['nick']

[ERROR] com.gb02.syumsvc.controller.SessionControllerTest.testRegisterUser_DuplicateUsername -- Time elapsed: 0.167 s <<< FAILURE!
java.lang.AssertionError: Status expected:<409> but was:<500>
	at org.springframework.test.util.AssertionErrors.fail(AssertionErrors.java:61)
	at org.springframework.test.util.AssertionErrors.assertEquals(AssertionErrors.java:128)
	at org.springframework.test.web.servlet.result.StatusResultMatchers.lambda$matcher$9(StatusResultMatchers.java:640)
	at org.springframework.test.web.servlet.MockMvc$1.andExpect(MockMvc.java:214)
	at com.gb02.syumsvc.controller.SessionControllerTest.testRegisterUser_DuplicateUsername(SessionControllerTest.java:103)
	at java.base/java.lang.reflect.Method.invoke(Method.java:565)
	at java.base/java.util.ArrayList.forEach(ArrayList.java:1604)
	at java.base/java.util.ArrayList.forEach(ArrayList.java:1604)

[ERROR] com.gb02.syumsvc.controller.SessionControllerTest.testLogin_InvalidCredentials -- Time elapsed: 0.029 s <<< FAILURE!
java.lang.AssertionError: Status expected:<401> but was:<400>
	at org.springframework.test.util.AssertionErrors.fail(AssertionErrors.java:61)
	at org.springframework.test.util.AssertionErrors.assertEquals(AssertionErrors.java:128)
	at org.springframework.test.web.servlet.result.StatusResultMatchers.lambda$matcher$9(StatusResultMatchers.java:640)
	at org.springframework.test.web.servlet.MockMvc$1.andExpect(MockMvc.java:214)
	at com.gb02.syumsvc.controller.SessionControllerTest.testLogin_InvalidCredentials(SessionControllerTest.java:153)
	at java.base/java.lang.reflect.Method.invoke(Method.java:565)
	at java.base/java.util.ArrayList.forEach(ArrayList.java:1604)
	at java.base/java.util.ArrayList.forEach(ArrayList.java:1604)

[ERROR] com.gb02.syumsvc.controller.SessionControllerTest.testAuth_ValidToken -- Time elapsed: 0.129 s <<< FAILURE!
java.lang.AssertionError: Status expected:<200> but was:<400>
	at org.springframework.test.util.AssertionErrors.fail(AssertionErrors.java:61)
	at org.springframework.test.util.AssertionErrors.assertEquals(AssertionErrors.java:128)
	at org.springframework.test.web.servlet.result.StatusResultMatchers.lambda$matcher$9(StatusResultMatchers.java:640)
	at org.springframework.test.web.servlet.MockMvc$1.andExpect(MockMvc.java:214)
	at com.gb02.syumsvc.controller.SessionControllerTest.testAuth_ValidToken(SessionControllerTest.java:185)
	at java.base/java.lang.reflect.Method.invoke(Method.java:565)
	at java.base/java.util.ArrayList.forEach(ArrayList.java:1604)
	at java.base/java.util.ArrayList.forEach(ArrayList.java:1604)

[ERROR] com.gb02.syumsvc.controller.SessionControllerTest.testLogout_Success -- Time elapsed: 0.127 s <<< FAILURE!
java.lang.AssertionError: Status expected:<200> but was:<400>
	at org.springframework.test.util.AssertionErrors.fail(AssertionErrors.java:61)
	at org.springframework.test.util.AssertionErrors.assertEquals(AssertionErrors.java:128)
	at org.springframework.test.web.servlet.result.StatusResultMatchers.lambda$matcher$9(StatusResultMatchers.java:640)
	at org.springframework.test.web.servlet.MockMvc$1.andExpect(MockMvc.java:214)
	at com.gb02.syumsvc.controller.SessionControllerTest.testLogout_Success(SessionControllerTest.java:240)
	at java.base/java.lang.reflect.Method.invoke(Method.java:565)
	at java.base/java.util.ArrayList.forEach(ArrayList.java:1604)
	at java.base/java.util.ArrayList.forEach(ArrayList.java:1604)

[INFO] Running com.gb02.syumsvc.controller.UserControllerTest
2025-11-14T19:01:34.658+01:00  INFO 40204 --- [syumsvc] [           main] t.c.s.AnnotationConfigContextLoaderUtils : Could not detect default configuration classes for test class [com.gb02.syumsvc.controller.UserControllerTest]: UserControllerTest does not declare any static, non-private, non-final, nested classes annotated with @Configuration.
2025-11-14T19:01:34.659+01:00  INFO 40204 --- [syumsvc] [           main] .b.t.c.SpringBootTestContextBootstrapper : Found @SpringBootConfiguration com.gb02.syumsvc.SyumsvcApplication for test class com.gb02.syumsvc.controller.UserControllerTest
User registered successfully.

MockHttpServletRequest:
      HTTP Method = POST
      Request URI = /register
       Parameters = {}
          Headers = [Content-Type:"application/json;charset=UTF-8", Content-Length:"186"]
             Body = {
    "nick": "tusr_43294660",
    "nombre": "Test",
    "apellido1": "User",
    "apellido2": "Controller",
    "email": "tusr_43294660@test.com",
    "contrasena": "testpassword123"
}

    Session Attrs = {}

Handler:
             Type = com.gb02.syumsvc.controller.SessionController
           Method = com.gb02.syumsvc.controller.SessionController#registerUser(Map)

Async:
    Async started = false
     Async result = null

Resolved Exception:
             Type = null

ModelAndView:
        View name = null
             View = null
            Model = null

FlashMap:
       Attributes = null

MockHttpServletResponse:
           Status = 200
    Error message = null
          Headers = [Vary:"Origin", "Access-Control-Request-Method", "Access-Control-Request-Headers", Content-Type:"application/json"]
     Content type = application/json
             Body = {"session_token":"4323d4c8cbf4f694cf253c3d65bbe46b50afaf9e3373c65e86ea29f45101ea3263fe2af2209cd41d91c8e8dfd3c8a351e52839bb105b4f34f37b1597cd66c96a","registered_user":{"nick":"tusr_43294660","apellido2":"Controller","fechaReg":"2025-11-14","apellido1":"User","idUsuario":57,"idArtista":0,"contrasena":null,"nombre":"Test","email":"tusr_43294660@test.com"}}
    Forwarded URL = null
   Redirected URL = null
          Cookies = []

MockHttpServletRequest:
      HTTP Method = POST
      Request URI = /login
       Parameters = {}
          Headers = [Content-Type:"application/json;charset=UTF-8", Content-Length:"71"]
             Body = {
    "username": "tusr_43294660",
    "password": "testpassword123"
}

    Session Attrs = {}

Handler:
             Type = com.gb02.syumsvc.controller.SessionController
           Method = com.gb02.syumsvc.controller.SessionController#loginUser(Map)

Async:
    Async started = false
     Async result = null

Resolved Exception:
             Type = null

ModelAndView:
        View name = null
             View = null
            Model = null

FlashMap:
       Attributes = null

MockHttpServletResponse:
           Status = 400
    Error message = null
          Headers = [Vary:"Origin", "Access-Control-Request-Method", "Access-Control-Request-Headers", Content-Type:"application/json"]
     Content type = application/json
             Body = {"error":"Nick and password are required."}
    Forwarded URL = null
   Redirected URL = null
          Cookies = []
User registered successfully.

MockHttpServletRequest:
      HTTP Method = POST
      Request URI = /register
       Parameters = {}
          Headers = [Content-Type:"application/json;charset=UTF-8", Content-Length:"186"]
             Body = {
    "nick": "tusr_43294820",
    "nombre": "Test",
    "apellido1": "User",
    "apellido2": "Controller",
    "email": "tusr_43294820@test.com",
    "contrasena": "testpassword123"
}

    Session Attrs = {}

Handler:
             Type = com.gb02.syumsvc.controller.SessionController
           Method = com.gb02.syumsvc.controller.SessionController#registerUser(Map)

Async:
    Async started = false
     Async result = null

Resolved Exception:
             Type = null

ModelAndView:
        View name = null
             View = null
            Model = null

FlashMap:
       Attributes = null

MockHttpServletResponse:
           Status = 200
    Error message = null
          Headers = [Vary:"Origin", "Access-Control-Request-Method", "Access-Control-Request-Headers", Content-Type:"application/json"]
     Content type = application/json
             Body = {"session_token":"2fc86a3d7ae94c200754e04b6410df887f9310d4b0ba097dcfc5644c9e2e086321bf6602ac0a2608b2f4f586f30bff06adc56077ecf7aa1d152aed5ad9d86fed","registered_user":{"nick":"tusr_43294820","apellido2":"Controller","fechaReg":"2025-11-14","apellido1":"User","idUsuario":58,"idArtista":0,"contrasena":null,"nombre":"Test","email":"tusr_43294820@test.com"}}
    Forwarded URL = null
   Redirected URL = null
          Cookies = []

MockHttpServletRequest:
      HTTP Method = POST
      Request URI = /login
       Parameters = {}
          Headers = [Content-Type:"application/json;charset=UTF-8", Content-Length:"71"]
             Body = {
    "username": "tusr_43294820",
    "password": "testpassword123"
}

    Session Attrs = {}

Handler:
             Type = com.gb02.syumsvc.controller.SessionController
           Method = com.gb02.syumsvc.controller.SessionController#loginUser(Map)

Async:
    Async started = false
     Async result = null

Resolved Exception:
             Type = null

ModelAndView:
        View name = null
             View = null
            Model = null

FlashMap:
       Attributes = null

MockHttpServletResponse:
           Status = 400
    Error message = null
          Headers = [Vary:"Origin", "Access-Control-Request-Method", "Access-Control-Request-Headers", Content-Type:"application/json"]
     Content type = application/json
             Body = {"error":"Nick and password are required."}
    Forwarded URL = null
   Redirected URL = null
          Cookies = []
User registered successfully.

MockHttpServletRequest:
      HTTP Method = POST
      Request URI = /register
       Parameters = {}
          Headers = [Content-Type:"application/json;charset=UTF-8", Content-Length:"186"]
             Body = {
    "nick": "tusr_43294950",
    "nombre": "Test",
    "apellido1": "User",
    "apellido2": "Controller",
    "email": "tusr_43294950@test.com",
    "contrasena": "testpassword123"
}

    Session Attrs = {}

Handler:
             Type = com.gb02.syumsvc.controller.SessionController
           Method = com.gb02.syumsvc.controller.SessionController#registerUser(Map)

Async:
    Async started = false
     Async result = null

Resolved Exception:
             Type = null

ModelAndView:
        View name = null
             View = null
            Model = null

FlashMap:
       Attributes = null

MockHttpServletResponse:
           Status = 200
    Error message = null
          Headers = [Vary:"Origin", "Access-Control-Request-Method", "Access-Control-Request-Headers", Content-Type:"application/json"]
     Content type = application/json
             Body = {"session_token":"d6baf3b8d0a07e7c42d21ee911a6f4d575809d9ee5b67725862a9e54bb88f40ec412c52687d574bbebe1375929bfec45f45235a0db6831f25e864a10a9996367","registered_user":{"nick":"tusr_43294950","apellido2":"Controller","fechaReg":"2025-11-14","apellido1":"User","idUsuario":59,"idArtista":0,"contrasena":null,"nombre":"Test","email":"tusr_43294950@test.com"}}
    Forwarded URL = null
   Redirected URL = null
          Cookies = []

MockHttpServletRequest:
      HTTP Method = POST
      Request URI = /login
       Parameters = {}
          Headers = [Content-Type:"application/json;charset=UTF-8", Content-Length:"71"]
             Body = {
    "username": "tusr_43294950",
    "password": "testpassword123"
}

    Session Attrs = {}

Handler:
             Type = com.gb02.syumsvc.controller.SessionController
           Method = com.gb02.syumsvc.controller.SessionController#loginUser(Map)

Async:
    Async started = false
     Async result = null

Resolved Exception:
             Type = null

ModelAndView:
        View name = null
             View = null
            Model = null

FlashMap:
       Attributes = null

MockHttpServletResponse:
           Status = 400
    Error message = null
          Headers = [Vary:"Origin", "Access-Control-Request-Method", "Access-Control-Request-Headers", Content-Type:"application/json"]
     Content type = application/json
             Body = {"error":"Nick and password are required."}
    Forwarded URL = null
   Redirected URL = null
          Cookies = []
User registered successfully.

MockHttpServletRequest:
      HTTP Method = POST
      Request URI = /register
       Parameters = {}
          Headers = [Content-Type:"application/json;charset=UTF-8", Content-Length:"186"]
             Body = {
    "nick": "tusr_43295088",
    "nombre": "Test",
    "apellido1": "User",
    "apellido2": "Controller",
    "email": "tusr_43295088@test.com",
    "contrasena": "testpassword123"
}

    Session Attrs = {}

Handler:
             Type = com.gb02.syumsvc.controller.SessionController
           Method = com.gb02.syumsvc.controller.SessionController#registerUser(Map)

Async:
    Async started = false
     Async result = null

Resolved Exception:
             Type = null

ModelAndView:
        View name = null
             View = null
            Model = null

FlashMap:
       Attributes = null

MockHttpServletResponse:
           Status = 200
    Error message = null
          Headers = [Vary:"Origin", "Access-Control-Request-Method", "Access-Control-Request-Headers", Content-Type:"application/json"]
     Content type = application/json
             Body = {"session_token":"d63aa8483b7e7489167ef74b44000d9c8f74e845f6da213a72aa6b7fc53f6639816a9c2b9270d48afcce05cf71c84f5817ffde2dceaf0412d4538333145f11fd","registered_user":{"nick":"tusr_43295088","apellido2":"Controller","fechaReg":"2025-11-14","apellido1":"User","idUsuario":60,"idArtista":0,"contrasena":null,"nombre":"Test","email":"tusr_43295088@test.com"}}
    Forwarded URL = null
   Redirected URL = null
          Cookies = []

MockHttpServletRequest:
      HTTP Method = POST
      Request URI = /login
       Parameters = {}
          Headers = [Content-Type:"application/json;charset=UTF-8", Content-Length:"71"]
             Body = {
    "username": "tusr_43295088",
    "password": "testpassword123"
}

    Session Attrs = {}

Handler:
             Type = com.gb02.syumsvc.controller.SessionController
           Method = com.gb02.syumsvc.controller.SessionController#loginUser(Map)

Async:
    Async started = false
     Async result = null

Resolved Exception:
             Type = null

ModelAndView:
        View name = null
             View = null
            Model = null

FlashMap:
       Attributes = null

MockHttpServletResponse:
           Status = 400
    Error message = null
          Headers = [Vary:"Origin", "Access-Control-Request-Method", "Access-Control-Request-Headers", Content-Type:"application/json"]
     Content type = application/json
             Body = {"error":"Nick and password are required."}
    Forwarded URL = null
   Redirected URL = null
          Cookies = []
User registered successfully.

MockHttpServletRequest:
      HTTP Method = POST
      Request URI = /register
       Parameters = {}
          Headers = [Content-Type:"application/json;charset=UTF-8", Content-Length:"186"]
             Body = {
    "nick": "tusr_43295235",
    "nombre": "Test",
    "apellido1": "User",
    "apellido2": "Controller",
    "email": "tusr_43295235@test.com",
    "contrasena": "testpassword123"
}

    Session Attrs = {}

Handler:
             Type = com.gb02.syumsvc.controller.SessionController
           Method = com.gb02.syumsvc.controller.SessionController#registerUser(Map)

Async:
    Async started = false
     Async result = null

Resolved Exception:
             Type = null

ModelAndView:
        View name = null
             View = null
            Model = null

FlashMap:
       Attributes = null

MockHttpServletResponse:
           Status = 200
    Error message = null
          Headers = [Vary:"Origin", "Access-Control-Request-Method", "Access-Control-Request-Headers", Content-Type:"application/json"]
     Content type = application/json
             Body = {"session_token":"34d6ce415f134a13e82e7b647bf6186426cc29fc40cb3f0ac5dfa165807fce52967f531e8e7063f5ad2172d178660057d8df7d52b6fb1eaae204af1a6d38f88c","registered_user":{"nick":"tusr_43295235","apellido2":"Controller","fechaReg":"2025-11-14","apellido1":"User","idUsuario":61,"idArtista":0,"contrasena":null,"nombre":"Test","email":"tusr_43295235@test.com"}}
    Forwarded URL = null
   Redirected URL = null
          Cookies = []

MockHttpServletRequest:
      HTTP Method = POST
      Request URI = /login
       Parameters = {}
          Headers = [Content-Type:"application/json;charset=UTF-8", Content-Length:"71"]
             Body = {
    "username": "tusr_43295235",
    "password": "testpassword123"
}

    Session Attrs = {}

Handler:
             Type = com.gb02.syumsvc.controller.SessionController
           Method = com.gb02.syumsvc.controller.SessionController#loginUser(Map)

Async:
    Async started = false
     Async result = null

Resolved Exception:
             Type = null

ModelAndView:
        View name = null
             View = null
            Model = null

FlashMap:
       Attributes = null

MockHttpServletResponse:
           Status = 400
    Error message = null
          Headers = [Vary:"Origin", "Access-Control-Request-Method", "Access-Control-Request-Headers", Content-Type:"application/json"]
     Content type = application/json
             Body = {"error":"Nick and password are required."}
    Forwarded URL = null
   Redirected URL = null
          Cookies = []
User registered successfully.

MockHttpServletRequest:
      HTTP Method = POST
      Request URI = /register
       Parameters = {}
          Headers = [Content-Type:"application/json;charset=UTF-8", Content-Length:"186"]
             Body = {
    "nick": "tusr_43295362",
    "nombre": "Test",
    "apellido1": "User",
    "apellido2": "Controller",
    "email": "tusr_43295362@test.com",
    "contrasena": "testpassword123"
}

    Session Attrs = {}

Handler:
             Type = com.gb02.syumsvc.controller.SessionController
           Method = com.gb02.syumsvc.controller.SessionController#registerUser(Map)

Async:
    Async started = false
     Async result = null

Resolved Exception:
             Type = null

ModelAndView:
        View name = null
             View = null
            Model = null

FlashMap:
       Attributes = null

MockHttpServletResponse:
           Status = 200
    Error message = null
          Headers = [Vary:"Origin", "Access-Control-Request-Method", "Access-Control-Request-Headers", Content-Type:"application/json"]
     Content type = application/json
             Body = {"session_token":"2009c10dce1c465971d6740f4ab7b389c27bb5feeb953f799c6a3a81dd122082a1f6016c9e63416e7176487f6f18ebc89e762ad7f8ead243850c1fec65ab15e1","registered_user":{"nick":"tusr_43295362","apellido2":"Controller","fechaReg":"2025-11-14","apellido1":"User","idUsuario":62,"idArtista":0,"contrasena":null,"nombre":"Test","email":"tusr_43295362@test.com"}}
    Forwarded URL = null
   Redirected URL = null
          Cookies = []

MockHttpServletRequest:
      HTTP Method = POST
      Request URI = /login
       Parameters = {}
          Headers = [Content-Type:"application/json;charset=UTF-8", Content-Length:"71"]
             Body = {
    "username": "tusr_43295362",
    "password": "testpassword123"
}

    Session Attrs = {}

Handler:
             Type = com.gb02.syumsvc.controller.SessionController
           Method = com.gb02.syumsvc.controller.SessionController#loginUser(Map)

Async:
    Async started = false
     Async result = null

Resolved Exception:
             Type = null

ModelAndView:
        View name = null
             View = null
            Model = null

FlashMap:
       Attributes = null

MockHttpServletResponse:
           Status = 400
    Error message = null
          Headers = [Vary:"Origin", "Access-Control-Request-Method", "Access-Control-Request-Headers", Content-Type:"application/json"]
     Content type = application/json
             Body = {"error":"Nick and password are required."}
    Forwarded URL = null
   Redirected URL = null
          Cookies = []
User registered successfully.

MockHttpServletRequest:
      HTTP Method = POST
      Request URI = /register
       Parameters = {}
          Headers = [Content-Type:"application/json;charset=UTF-8", Content-Length:"186"]
             Body = {
    "nick": "tusr_43295509",
    "nombre": "Test",
    "apellido1": "User",
    "apellido2": "Controller",
    "email": "tusr_43295509@test.com",
    "contrasena": "testpassword123"
}

    Session Attrs = {}

Handler:
             Type = com.gb02.syumsvc.controller.SessionController
           Method = com.gb02.syumsvc.controller.SessionController#registerUser(Map)

Async:
    Async started = false
     Async result = null

Resolved Exception:
             Type = null

ModelAndView:
        View name = null
             View = null
            Model = null

FlashMap:
       Attributes = null

MockHttpServletResponse:
           Status = 200
    Error message = null
          Headers = [Vary:"Origin", "Access-Control-Request-Method", "Access-Control-Request-Headers", Content-Type:"application/json"]
     Content type = application/json
             Body = {"session_token":"9ffe4802b709499414d22b9d24c6c5a3b33e0475ced865416489547a4b3f0ec3fbed8ae52af44fa1b75d6c3902d4d2f2e4551818da3f279e33c62fe9959ee02d","registered_user":{"nick":"tusr_43295509","apellido2":"Controller","fechaReg":"2025-11-14","apellido1":"User","idUsuario":63,"idArtista":0,"contrasena":null,"nombre":"Test","email":"tusr_43295509@test.com"}}
    Forwarded URL = null
   Redirected URL = null
          Cookies = []

MockHttpServletRequest:
      HTTP Method = POST
      Request URI = /login
       Parameters = {}
          Headers = [Content-Type:"application/json;charset=UTF-8", Content-Length:"71"]
             Body = {
    "username": "tusr_43295509",
    "password": "testpassword123"
}

    Session Attrs = {}

Handler:
             Type = com.gb02.syumsvc.controller.SessionController
           Method = com.gb02.syumsvc.controller.SessionController#loginUser(Map)

Async:
    Async started = false
     Async result = null

Resolved Exception:
             Type = null

ModelAndView:
        View name = null
             View = null
            Model = null

FlashMap:
       Attributes = null

MockHttpServletResponse:
           Status = 400
    Error message = null
          Headers = [Vary:"Origin", "Access-Control-Request-Method", "Access-Control-Request-Headers", Content-Type:"application/json"]
     Content type = application/json
             Body = {"error":"Nick and password are required."}
    Forwarded URL = null
   Redirected URL = null
          Cookies = []
[ERROR] Tests run: 7, Failures: 7, Errors: 0, Skipped: 0, Time elapsed: 0.979 s <<< FAILURE! -- in com.gb02.syumsvc.controller.UserControllerTest
[ERROR] com.gb02.syumsvc.controller.UserControllerTest.testPatchUser_Success -- Time elapsed: 0.159 s <<< FAILURE!
java.lang.AssertionError: Status expected:<200> but was:<400>
	at org.springframework.test.util.AssertionErrors.fail(AssertionErrors.java:61)
	at org.springframework.test.util.AssertionErrors.assertEquals(AssertionErrors.java:128)
	at org.springframework.test.web.servlet.result.StatusResultMatchers.lambda$matcher$9(StatusResultMatchers.java:640)
	at org.springframework.test.web.servlet.MockMvc$1.andExpect(MockMvc.java:214)
	at com.gb02.syumsvc.controller.UserControllerTest.setup(UserControllerTest.java:75)
	at java.base/java.lang.reflect.Method.invoke(Method.java:565)
	at java.base/java.util.ArrayList.forEach(ArrayList.java:1604)
	at java.base/java.util.ArrayList.forEach(ArrayList.java:1604)

[ERROR] com.gb02.syumsvc.controller.UserControllerTest.testDeleteUser_Success -- Time elapsed: 0.129 s <<< FAILURE!
java.lang.AssertionError: Status expected:<200> but was:<400>
	at org.springframework.test.util.AssertionErrors.fail(AssertionErrors.java:61)
	at org.springframework.test.util.AssertionErrors.assertEquals(AssertionErrors.java:128)
	at org.springframework.test.web.servlet.result.StatusResultMatchers.lambda$matcher$9(StatusResultMatchers.java:640)
	at org.springframework.test.web.servlet.MockMvc$1.andExpect(MockMvc.java:214)
	at com.gb02.syumsvc.controller.UserControllerTest.setup(UserControllerTest.java:75)
	at java.base/java.lang.reflect.Method.invoke(Method.java:565)
	at java.base/java.util.ArrayList.forEach(ArrayList.java:1604)
	at java.base/java.util.ArrayList.forEach(ArrayList.java:1604)

[ERROR] com.gb02.syumsvc.controller.UserControllerTest.testGetUser_Success -- Time elapsed: 0.137 s <<< FAILURE!
java.lang.AssertionError: Status expected:<200> but was:<400>
	at org.springframework.test.util.AssertionErrors.fail(AssertionErrors.java:61)
	at org.springframework.test.util.AssertionErrors.assertEquals(AssertionErrors.java:128)
	at org.springframework.test.web.servlet.result.StatusResultMatchers.lambda$matcher$9(StatusResultMatchers.java:640)
	at org.springframework.test.web.servlet.MockMvc$1.andExpect(MockMvc.java:214)
	at com.gb02.syumsvc.controller.UserControllerTest.setup(UserControllerTest.java:75)
	at java.base/java.lang.reflect.Method.invoke(Method.java:565)
	at java.base/java.util.ArrayList.forEach(ArrayList.java:1604)
	at java.base/java.util.ArrayList.forEach(ArrayList.java:1604)

[ERROR] com.gb02.syumsvc.controller.UserControllerTest.testPatchUser_Unauthorized_DifferentUser -- Time elapsed: 0.146 s <<< FAILURE!
java.lang.AssertionError: Status expected:<200> but was:<400>
	at org.springframework.test.util.AssertionErrors.fail(AssertionErrors.java:61)
	at org.springframework.test.util.AssertionErrors.assertEquals(AssertionErrors.java:128)
	at org.springframework.test.web.servlet.result.StatusResultMatchers.lambda$matcher$9(StatusResultMatchers.java:640)
	at org.springframework.test.web.servlet.MockMvc$1.andExpect(MockMvc.java:214)
	at com.gb02.syumsvc.controller.UserControllerTest.setup(UserControllerTest.java:75)
	at java.base/java.lang.reflect.Method.invoke(Method.java:565)
	at java.base/java.util.ArrayList.forEach(ArrayList.java:1604)
	at java.base/java.util.ArrayList.forEach(ArrayList.java:1604)

[ERROR] com.gb02.syumsvc.controller.UserControllerTest.testGetUser_NotFound -- Time elapsed: 0.126 s <<< FAILURE!
java.lang.AssertionError: Status expected:<200> but was:<400>
	at org.springframework.test.util.AssertionErrors.fail(AssertionErrors.java:61)
	at org.springframework.test.util.AssertionErrors.assertEquals(AssertionErrors.java:128)
	at org.springframework.test.web.servlet.result.StatusResultMatchers.lambda$matcher$9(StatusResultMatchers.java:640)
	at org.springframework.test.web.servlet.MockMvc$1.andExpect(MockMvc.java:214)
	at com.gb02.syumsvc.controller.UserControllerTest.setup(UserControllerTest.java:75)
	at java.base/java.lang.reflect.Method.invoke(Method.java:565)
	at java.base/java.util.ArrayList.forEach(ArrayList.java:1604)
	at java.base/java.util.ArrayList.forEach(ArrayList.java:1604)

[ERROR] com.gb02.syumsvc.controller.UserControllerTest.testGetUser_Unauthorized -- Time elapsed: 0.146 s <<< FAILURE!
java.lang.AssertionError: Status expected:<200> but was:<400>
	at org.springframework.test.util.AssertionErrors.fail(AssertionErrors.java:61)
	at org.springframework.test.util.AssertionErrors.assertEquals(AssertionErrors.java:128)
	at org.springframework.test.web.servlet.result.StatusResultMatchers.lambda$matcher$9(StatusResultMatchers.java:640)
	at org.springframework.test.web.servlet.MockMvc$1.andExpect(MockMvc.java:214)
	at com.gb02.syumsvc.controller.UserControllerTest.setup(UserControllerTest.java:75)
	at java.base/java.lang.reflect.Method.invoke(Method.java:565)
	at java.base/java.util.ArrayList.forEach(ArrayList.java:1604)
	at java.base/java.util.ArrayList.forEach(ArrayList.java:1604)

[ERROR] com.gb02.syumsvc.controller.UserControllerTest.testDeleteUser_Unauthorized_DifferentUser -- Time elapsed: 0.126 s <<< FAILURE!
java.lang.AssertionError: Status expected:<200> but was:<400>
	at org.springframework.test.util.AssertionErrors.fail(AssertionErrors.java:61)
	at org.springframework.test.util.AssertionErrors.assertEquals(AssertionErrors.java:128)
	at org.springframework.test.web.servlet.result.StatusResultMatchers.lambda$matcher$9(StatusResultMatchers.java:640)
	at org.springframework.test.web.servlet.MockMvc$1.andExpect(MockMvc.java:214)
	at com.gb02.syumsvc.controller.UserControllerTest.setup(UserControllerTest.java:75)
	at java.base/java.lang.reflect.Method.invoke(Method.java:565)
	at java.base/java.util.ArrayList.forEach(ArrayList.java:1604)
	at java.base/java.util.ArrayList.forEach(ArrayList.java:1604)

[INFO] Running com.gb02.syumsvc.SyumsvcApplicationTests
2025-11-14T19:01:35.637+01:00  INFO 40204 --- [syumsvc] [           main] t.c.s.AnnotationConfigContextLoaderUtils : Could not detect default configuration classes for test class [com.gb02.syumsvc.SyumsvcApplicationTests]: SyumsvcApplicationTests does not declare any static, non-private, non-final, nested classes annotated with @Configuration.
2025-11-14T19:01:35.643+01:00  INFO 40204 --- [syumsvc] [           main] .b.t.c.SpringBootTestContextBootstrapper : Found @SpringBootConfiguration com.gb02.syumsvc.SyumsvcApplication for test class com.gb02.syumsvc.SyumsvcApplicationTests
2025-11-14T19:01:35.646+01:00  INFO 40204 --- [syumsvc] [           main] o.s.b.d.r.RestartApplicationListener     : Restart disabled due to context in which it is running

  .   ____          _            __ _ _
 /\\ / ___'_ __ _ _(_)_ __  __ _ \ \ \ \
( ( )\___ | '_ | '_| | '_ \/ _` | \ \ \ \
 \\/  ___)| |_)| | | | | || (_| |  ) ) ) )
  '  |____| .__|_| |_|_| |_\__, | / / / /
 =========|_|==============|___/=/_/_/_/

 :: Spring Boot ::                (v3.5.6)

2025-11-14T19:01:35.657+01:00  INFO 40204 --- [syumsvc] [           main] c.gb02.syumsvc.SyumsvcApplicationTests   : Starting SyumsvcApplicationTests using Java 25.0.1 with PID 40204 (started by Driox in C:\Users\Driox\Source\asee\proyecto-gps-25-26-gb02-SYU)
2025-11-14T19:01:35.657+01:00  INFO 40204 --- [syumsvc] [           main] c.gb02.syumsvc.SyumsvcApplicationTests   : No active profile set, falling back to 1 default profile: "default"
2025-11-14T19:01:35.763+01:00  INFO 40204 --- [syumsvc] [           main] c.gb02.syumsvc.SyumsvcApplicationTests   : Started SyumsvcApplicationTests in 0.117 seconds (process running for 6.33)
[INFO] Tests run: 1, Failures: 0, Errors: 0, Skipped: 0, Time elapsed: 0.129 s -- in com.gb02.syumsvc.SyumsvcApplicationTests
[INFO] 
[INFO] Results:
[INFO] 
[ERROR] Failures: 
[ERROR]   FavControllerTest.setup:74 Status expected:<200> but was:<400>
[ERROR]   FavControllerTest.setup:74 Status expected:<200> but was:<400>
[ERROR]   FavControllerTest.setup:74 Status expected:<200> but was:<400>
[ERROR]   FavControllerTest.setup:74 Status expected:<200> but was:<400>
[ERROR]   FavControllerTest.setup:74 Status expected:<200> but was:<400>
[ERROR]   FavControllerTest.setup:74 Status expected:<200> but was:<400>
[ERROR]   FavControllerTest.setup:74 Status expected:<200> but was:<400>
[ERROR]   FavControllerTest.setup:74 Status expected:<200> but was:<400>
[ERROR]   FavControllerTest.setup:74 Status expected:<200> but was:<400>
[ERROR]   FavControllerTest.setup:74 Status expected:<200> but was:<400>
[ERROR]   FavControllerTest.setup:74 Status expected:<200> but was:<400>
[ERROR]   FavControllerTest.setup:74 Status expected:<200> but was:<400>
[ERROR]   FavControllerTest.setup:74 Status expected:<200> but was:<400>
[ERROR]   FavControllerTest.setup:74 Status expected:<200> but was:<400>
[ERROR]   FavControllerTest.setup:74 Status expected:<200> but was:<400>
[ERROR]   FavControllerTest.setup:74 Status expected:<200> but was:<400>
[ERROR]   FavControllerTest.setup:74 Status expected:<200> but was:<400>
[ERROR]   SessionControllerTest.testAuth_ValidToken:185 Status expected:<200> but was:<400>
[ERROR]   SessionControllerTest.testLogin_InvalidCredentials:153 Status expected:<401> but was:<400>
[ERROR]   SessionControllerTest.testLogin_Success:136 Status expected:<200> but was:<400>
[ERROR]   SessionControllerTest.testLogout_Success:240 Status expected:<200> but was:<400>
[ERROR]   SessionControllerTest.testRegisterUser_DuplicateUsername:103 Status expected:<409> but was:<500>
[ERROR]   SessionControllerTest.testRegisterUser_Success:67 No value at JSON path "$.nick"
[ERROR]   UserControllerTest.setup:75 Status expected:<200> but was:<400>
[ERROR]   UserControllerTest.setup:75 Status expected:<200> but was:<400>
[ERROR]   UserControllerTest.setup:75 Status expected:<200> but was:<400>
[ERROR]   UserControllerTest.setup:75 Status expected:<200> but was:<400>
[ERROR]   UserControllerTest.setup:75 Status expected:<200> but was:<400>
[ERROR]   UserControllerTest.setup:75 Status expected:<200> but was:<400>
[ERROR]   UserControllerTest.setup:75 Status expected:<200> but was:<400>
[INFO] 
[ERROR] Tests run: 33, Failures: 30, Errors: 0, Skipped: 0
[INFO] 
[INFO] ------------------------------------------------------------------------
[INFO] BUILD FAILURE
[INFO] ------------------------------------------------------------------------
[INFO] Total time:  7.282 s
[INFO] Finished at: 2025-11-14T19:01:35+01:00
[INFO] ------------------------------------------------------------------------
[ERROR] Failed to execute goal org.apache.maven.plugins:maven-surefire-plugin:3.5.4:test (default-test) on project syumsvc: There are test failures.
[ERROR] 
[ERROR] See C:\Users\Driox\Source\asee\proyecto-gps-25-26-gb02-SYU\target\surefire-reports for the individual test results.
[ERROR] See dump files (if any exist) [date].dump, [date]-jvmRun[N].dump and [date].dumpstream.
[ERROR] -> [Help 1]
[ERROR] 
[ERROR] To see the full stack trace of the errors, re-run Maven with the -e switch.
[ERROR] Re-run Maven using the -X switch to enable full debug logging.
[ERROR] 
[ERROR] For more information about the errors and possible solutions, please read the following articles:
[ERROR] [Help 1] http://cwiki.apache.org/confluence/display/MAVEN/MojoFailureException
